Component: ARM Compiler 5.06 update 4 (build 422) Tool: armlink [4d35d2]

==============================================================================

Section Cross References

    main.o(i.main) refers to bspsystem.o(i.BSPSystemInit) for BSPSystemInit
    main.o(i.main) refers to config.o(i.FactorySet) for FactorySet
    main.o(i.main) refers to config.o(i.ReadConfig) for ReadConfig
    main.o(i.main) refers to bspplay.o(i.PlayListInit) for PlayListInit
    main.o(i.main) refers to systick.o(SysTick_Configuration) for SysTick_Configuration
    main.o(i.main) refers to bspbat.o(i.BSPBatCheckInit) for BSPBatCheckInit
    main.o(i.main) refers to bspwireless.o(i.BSPWirelessInit) for BSPWirelessInit
    main.o(i.main) refers to bspwireless.o(i.BSPWirelessConfig) for BSPWirelessConfig
    main.o(i.main) refers to bspkey.o(BSPKeyInit) for BSPKeyInit
    main.o(i.main) refers to bspusb.o(i.BSPUsbInit) for BSPUsbInit
    main.o(i.main) refers to bspscan.o(BSPScanInit) for BSPScanInit
    main.o(i.main) refers to gd32f1x0_gpio.o(i.gpio_bit_set) for gpio_bit_set
    main.o(i.main) refers to bspscan.o(i.BSPScannerFirstSet) for BSPScannerFirstSet
    main.o(i.main) refers to bspplay.o(i.BSPPlayPowerOn) for BSPPlayPowerOn
    main.o(i.main) refers to bspwatchdog.o(i.BSPWatchDogInit) for BSPWatchDogInit
    main.o(i.main) refers to bspwatchdog.o(i.BSPWatchDogReset) for BSPWatchDogReset
    main.o(i.main) refers to bspbat.o(i.BSPBatLowPowerCheck) for BSPBatLowPowerCheck
    main.o(i.main) refers to gd32f1x0_gpio.o(i.gpio_bit_reset) for gpio_bit_reset
    main.o(i.main) refers to bspsystem.o(i.BSPSystemFreeTimeingShutdown) for BSPSystemFreeTimeingShutdown
    main.o(i.main) refers to bspwireless.o(i.BSPWirelessRoutine) for BSPWirelessRoutine
    main.o(i.main) refers to bspscan.o(i.BSPScan) for BSPScan
    main.o(i.main) refers to bspscan.o(i.BSPScanGetComplete) for BSPScanGetComplete
    main.o(i.main) refers to dataparse.o(i.Parsing) for Parsing
    main.o(i.main) refers to main.o(.data) for prefix_mdy_flag
    main.o(i.main) refers to gd32f1x0_it.o(.data) for time
    main.o(i.main) refers to bspeeprom.o(i.BSPEepromWrite) for BSPEepromWrite
    main.o(i.main) refers to bspplay.o(i.BSPPlaySuccess) for BSPPlaySuccess
    main.o(i.main) refers to bspwireless.o(i.BSPWirelessConnect) for BSPWirelessConnect
    main.o(i.main) refers to bspwireless.o(i.BSPWirelessSaveConnect) for BSPWirelessSaveConnect
    main.o(i.main) refers to bspplay.o(i.BSPPlayFail) for BSPPlayFail
    main.o(i.main) refers to config.o(i.ReadWireWirelessMode) for ReadWireWirelessMode
    main.o(i.main) refers to config.o(i.SaveWireWireless) for SaveWireWireless
    main.o(i.main) refers to config.o(i.SaveSingleContinual) for SaveSingleContinual
    main.o(i.main) refers to config.o(i.ReadSingleContinual) for ReadSingleContinual
    main.o(i.main) refers to config.o(i.SaveBeepOption) for SaveBeepOption
    main.o(i.main) refers to config.o(i.ReadBeepOption) for ReadBeepOption
    main.o(i.main) refers to config.o(i.SaveSleepTime) for SaveSleepTime
    main.o(i.main) refers to config.o(i.ReadSleepTime) for ReadSleepTime
    main.o(i.main) refers to bspplay.o(BSPPlayPowerOff) for BSPPlayPowerOff
    main.o(i.main) refers to config.o(i.SaveSTXETX) for SaveSTXETX
    main.o(i.main) refers to config.o(i.GetPrefixLen) for GetPrefixLen
    main.o(i.main) refers to config.o(i.PrefixSave) for PrefixSave
    main.o(i.main) refers to config.o(i.PrefixAssignment) for PrefixAssignment
    main.o(i.main) refers to config.o(i.SaveCodeID) for SaveCodeID
    main.o(i.main) refers to config.o(i.SaveCodeNameDisp) for SaveCodeNameDisp
    main.o(i.main) refers to config.o(i.SaveEndMark) for SaveEndMark
    main.o(i.main) refers to rt_memcpy_v6.o(.text) for __aeabi_memcpy
    main.o(i.main) refers to bspscan.o(get_suffix_len) for get_suffix_len
    main.o(i.main) refers to config.o(i.SuffixSave) for SuffixSave
    main.o(i.main) refers to config.o(.bss) for DevConfig
    main.o(i.main) refers to bspscan.o(.bss) for prefix_shadow
    main.o(i.main) refers to config.o(i.SuffixAssignment) for SuffixAssignment
    main.o(i.main) refers to config.o(i.SaveHideSet) for SaveHideSet
    main.o(i.main) refers to config.o(i.StringAssignment) for StringAssignment
    main.o(i.main) refers to config.o(i.SaveConversion) for SaveConversion
    main.o(i.main) refers to bspscan.o(i.usart_write_baud) for usart_write_baud
    main.o(i.main) refers to config.o(i.BaudSet) for BaudSet
    main.o(i.main) refers to bspscan.o(i.QR_moduler_set) for QR_moduler_set
    main.o(i.main) refers to bspscan.o(i.QR_moduler_val_assignment) for QR_moduler_val_assignment
    main.o(i.main) refers to config.o(i.SaveCountryKeyboard) for SaveCountryKeyboard
    main.o(i.main) refers to config.o(i.ReadCountryKeyboard) for ReadCountryKeyboard
    main.o(i.main) refers to data_format.o(i.data_hide) for data_hide
    main.o(i.main) refers to data_format.o(i.character_conversion) for character_conversion
[...]
    TIMER5_DAC_IRQHandler                    0x08000297   Thumb Code     0  startup_gd32f1x0.o(.text)
    TSI_IRQHandler                           0x08000297   Thumb Code     0  startup_gd32f1x0.o(.text)
    USART1_IRQHandler                        0x08000297   Thumb Code     0  startup_gd32f1x0.o(.text)
    USBD_HP_IRQHandler                       0x08000297   Thumb Code     0  startup_gd32f1x0.o(.text)
    WWDGT_IRQHandler                         0x08000297   Thumb Code     0  startup_gd32f1x0.o(.text)
    __user_initial_stackheap                 0x08000299   Thumb Code    10  startup_gd32f1x0.o(.text)
    srand                                    0x080002bd   Thumb Code    42  rand.o(.text)
    _rand_init                               0x080002e7   Thumb Code     4  rand.o(.text)
    strlen                                   0x080002f9   Thumb Code    62  strlen.o(.text)
    __aeabi_memcpy                           0x08000337   Thumb Code     0  rt_memcpy_v6.o(.text)
    __rt_memcpy                              0x08000337   Thumb Code   138  rt_memcpy_v6.o(.text)
    _memcpy_lastbytes                        0x0800039d   Thumb Code     0  rt_memcpy_v6.o(.text)
    __aeabi_memclr4                          0x080003c1   Thumb Code     0  rt_memclr_w.o(.text)
    __aeabi_memclr8                          0x080003c1   Thumb Code     0  rt_memclr_w.o(.text)
    __rt_memclr_w                            0x080003c1   Thumb Code    78  rt_memclr_w.o(.text)
    _memset_w                                0x080003c5   Thumb Code     0  rt_memclr_w.o(.text)
    __use_two_region_memory                  0x0800040f   Thumb Code     2  heapauxi.o(.text)
    __rt_heap_escrow$2region                 0x08000411   Thumb Code     2  heapauxi.o(.text)
    __rt_heap_expand$2region                 0x08000413   Thumb Code     2  heapauxi.o(.text)
    __aeabi_memcpy4                          0x08000415   Thumb Code     0  rt_memcpy_w.o(.text)
    __aeabi_memcpy8                          0x08000415   Thumb Code     0  rt_memcpy_w.o(.text)
    __rt_memcpy_w                            0x08000415   Thumb Code   100  rt_memcpy_w.o(.text)
    _memcpy_lastbytes_aligned                0x0800045d   Thumb Code     0  rt_memcpy_w.o(.text)
    __user_setup_stackheap                   0x08000479   Thumb Code    74  sys_stackheap_outer.o(.text)
    exit                                     0x080004c3   Thumb Code    18  exit.o(.text)
    __user_libspace                          0x080004d5   Thumb Code     8  libspace.o(.text)
    __user_perproc_libspace                  0x080004d5   Thumb Code     0  libspace.o(.text)
    __user_perthread_libspace                0x080004d5   Thumb Code     0  libspace.o(.text)
    __I$use$semihosting                      0x080004dd   Thumb Code     0  use_no_semi.o(.text)
    __use_no_semihosting_swi                 0x080004dd   Thumb Code     2  use_no_semi.o(.text)
    __semihosting_library_function           0x080004df   Thumb Code     0  indicate_semi.o(.text)
    _sys_exit                                0x080004e1   Thumb Code     8  sys_exit.o(.text)
    BSPKeyInit                               0x080004ed   Thumb Code    24  bspkey.o(BSPKeyInit)
    BSPPlayPowerOff                          0x08000509   Thumb Code    48  bspplay.o(BSPPlayPowerOff)
    BSPScanInit                              0x08000545   Thumb Code    54  bspscan.o(BSPScanInit)
    NVIC_Configuration                       0x08000585   Thumb Code    14  bspscan.o(NVIC_Configuration)
    SysTick_Configuration                    0x08000595   Thumb Code    72  systick.o(SysTick_Configuration)
    codeID_character_set                     0x08000619   Thumb Code    68  bspscan.o(codeID_character_set)
    get_suffix_len                           0x08000661   Thumb Code    22  bspscan.o(get_suffix_len)
    BSPBatCheckInit                          0x08000689   Thumb Code    74  bspbat.o(i.BSPBatCheckInit)
    BSPBatLowPowerCheck                      0x080006d5   Thumb Code    30  bspbat.o(i.BSPBatLowPowerCheck)
    BSPEepromRead                            0x080006f9   Thumb Code    30  bspeeprom.o(i.BSPEepromRead)
    BSPEepromWrite                           0x08000719   Thumb Code   234  bspeeprom.o(i.BSPEepromWrite)
    BSPKeyScan                               0x0800080d   Thumb Code    42  bspkey.o(i.BSPKeyScan)
    BSPKeyScanInContinual                    0x08000841   Thumb Code    56  bspkey.o(i.BSPKeyScanInContinual)
    BSPKeyWaitRelease                        0x0800087d   Thumb Code    28  bspkey.o(i.BSPKeyWaitRelease)
    BSPPlay                                  0x080008a1   Thumb Code    52  bspplay.o(i.BSPPlay)
    BSPPlayFail                              0x080008dd   Thumb Code    34  bspplay.o(i.BSPPlayFail)
    BSPPlayPowerOn                           0x080008ff   Thumb Code    24  bspplay.o(i.BSPPlayPowerOn)
    BSPPlaySuccess                           0x08000917   Thumb Code    14  bspplay.o(i.BSPPlaySuccess)
    BSPScan                                  0x08000925   Thumb Code    40  bspscan.o(i.BSPScan)
    BSPScanGetComplete                       0x08000955   Thumb Code     6  bspscan.o(i.BSPScanGetComplete)
    BSPScanSetComplete                       0x08000961   Thumb Code     6  bspscan.o(i.BSPScanSetComplete)
    BSPScannerFirstSet                       0x0800096d   Thumb Code    36  bspscan.o(i.BSPScannerFirstSet)
    BSPSystemFreeTimeingShutdown             0x08000995   Thumb Code    32  bspsystem.o(i.BSPSystemFreeTimeingShutdown)
    BSPSystemInit                            0x080009c1   Thumb Code    12  bspsystem.o(i.BSPSystemInit)
    BSPWatchDogInit                          0x080009cd   Thumb Code     2  bspwatchdog.o(i.BSPWatchDogInit)
    BSPWatchDogReset                         0x080009cf   Thumb Code     2  bspwatchdog.o(i.BSPWatchDogReset)
    BSPWirelessConfig                        0x080009d1   Thumb Code     8  bspwireless.o(i.BSPWirelessConfig)
    BSPWirelessConnect                       0x080009d9   Thumb Code    12  bspwireless.o(i.BSPWirelessConnect)
    BSPWirelessFactoryReset                  0x080009e5   Thumb Code     8  bspwireless.o(i.BSPWirelessFactoryReset)
    BSPWirelessInit                          0x080009ed   Thumb Code     8  bspwireless.o(i.BSPWirelessInit)
    BSPWirelessRoutine                       0x080009f5   Thumb Code     8  bspwireless.o(i.BSPWirelessRoutine)
    BSPWirelessSaveConfig                    0x080009fd   Thumb Code     8  bspwireless.o(i.BSPWirelessSaveConfig)
    BSPWirelessSaveConnect                   0x08000a05   Thumb Code     8  bspwireless.o(i.BSPWirelessSaveConnect)
    BSPWirelessWriteBytes                    0x08000a0d   Thumb Code    16  bspwireless.o(i.BSPWirelessWriteBytes)
    BaudSet                                  0x08000a31   Thumb Code    20  config.o(i.BaudSet)
    BusFault_Handler                         0x08000a7d   Thumb Code     4  gd32f1x0_it.o(i.BusFault_Handler)
    ConfigComplete                           0x08000c09   Thumb Code    18  config.o(i.ConfigComplete)
    DebugMon_Handler                         0x08000ddd   Thumb Code     2  gd32f1x0_it.o(i.DebugMon_Handler)
    EXTI4_15_IRQHandler                      0x08000e25   Thumb Code    44  gd32f1x0_it.o(i.EXTI4_15_IRQHandler)
    FactorySet                               0x08000e55   Thumb Code   148  config.o(i.FactorySet)
    GetPrefixLen                             0x08000f35   Thumb Code    30  config.o(i.GetPrefixLen)
    HardFault_Handler                        0x08000f6d   Thumb Code     4  gd32f1x0_it.o(i.HardFault_Handler)
    HideInit                                 0x08000f71   Thumb Code    54  config.o(i.HideInit)
    KMP                                      0x08000fe5   Thumb Code    96  data_format.o(i.KMP)
    LT8920Config                             0x08001049   Thumb Code   360  lt8920.o(i.LT8920Config)
    LT8920CreateConnect                      0x080011b1   Thumb Code    62  lt8920.o(i.LT8920CreateConnect)
    LT8920DummySend                          0x080011fd   Thumb Code    52  lt8920.o(i.LT8920DummySend)
    LT8920FactoryReset                       0x0800123d   Thumb Code    16  lt8920.o(i.LT8920FactoryReset)
    LT8920IncreaseRandom                     0x0800124d   Thumb Code    28  lt8920.o(i.LT8920IncreaseRandom)
    LT8920Init                               0x0800126d   Thumb Code     8  lt8920.o(i.LT8920Init)
    LT8920Reset                              0x08001275   Thumb Code    38  lt8920.o(i.LT8920Reset)
    LT8920SavePidSpid                        0x0800129d   Thumb Code    20  lt8920.o(i.LT8920SavePidSpid)
    LT8920SaveSrcDest                        0x080012b9   Thumb Code    36  lt8920.o(i.LT8920SaveSrcDest)
    LT8920Send                               0x080012e9   Thumb Code    22  lt8920.o(i.LT8920Send)
    MemManage_Handler                        0x080013ad   Thumb Code     4  gd32f1x0_it.o(i.MemManage_Handler)
    NMI_Handler                              0x080013d9   Thumb Code     2  gd32f1x0_it.o(i.NMI_Handler)
    Parsing                                  0x08001499   Thumb Code  2650  dataparse.o(i.Parsing)
    PendSV_Handler                           0x08002071   Thumb Code     2  gd32f1x0_it.o(i.PendSV_Handler)
    PlayListInit                             0x08002091   Thumb Code    20  bspplay.o(i.PlayListInit)
    PrefixAssignment                         0x080020a9   Thumb Code    38  config.o(i.PrefixAssignment)
    PrefixInit                               0x080020d9   Thumb Code    36  config.o(i.PrefixInit)
    PrefixSave                               0x08002101   Thumb Code   172  config.o(i.PrefixSave)
    QR_flash_save                            0x080021b1   Thumb Code   136  bspscan.o(i.QR_flash_save)
    QR_moduler_set                           0x08002249   Thumb Code    70  bspscan.o(i.QR_moduler_set)
    QR_moduler_val_assignment                0x08002299   Thumb Code    34  bspscan.o(i.QR_moduler_val_assignment)
    ReadBaudRate                             0x08002311   Thumb Code    16  config.o(i.ReadBaudRate)
    ReadBeepOption                           0x08002325   Thumb Code    18  config.o(i.ReadBeepOption)
    ReadCodeID                               0x0800233d   Thumb Code    18  config.o(i.ReadCodeID)
    ReadCodeIDCharacter                      0x08002355   Thumb Code    14  config.o(i.ReadCodeIDCharacter)
    ReadCodeNameDisp                         0x0800236d   Thumb Code    18  config.o(i.ReadCodeNameDisp)
    ReadConfig                               0x08002385   Thumb Code   158  config.o(i.ReadConfig)
    ReadConversion                           0x08002435   Thumb Code    18  config.o(i.ReadConversion)
    ReadCountryKeyboard                      0x0800244d   Thumb Code    18  config.o(i.ReadCountryKeyboard)
    ReadEndMark                              0x08002465   Thumb Code    18  config.o(i.ReadEndMark)
    ReadHide                                 0x0800247d   Thumb Code    70  config.o(i.ReadHide)
    ReadPrefix                               0x08002541   Thumb Code    70  config.o(i.ReadPrefix)
    ReadSTXETX                               0x080025b5   Thumb Code    18  config.o(i.ReadSTXETX)
    ReadSingleContinual                      0x080025cd   Thumb Code    18  config.o(i.ReadSingleContinual)
    ReadSleepTime                            0x080025e5   Thumb Code    16  config.o(i.ReadSleepTime)
    ReadSuffix                               0x08002625   Thumb Code    70  config.o(i.ReadSuffix)
    ReadWireWirelessMode                     0x08002671   Thumb Code    18  config.o(i.ReadWireWirelessMode)
    SVC_Handler                              0x08002731   Thumb Code     2  gd32f1x0_it.o(i.SVC_Handler)
    SaveBeepOption                           0x08002735   Thumb Code    18  config.o(i.SaveBeepOption)
    SaveCodeID                               0x0800274d   Thumb Code    18  config.o(i.SaveCodeID)
    SaveCodeIDCharacter                      0x08002765   Thumb Code    16  config.o(i.SaveCodeIDCharacter)
    SaveCodeNameDisp                         0x0800277d   Thumb Code    18  config.o(i.SaveCodeNameDisp)
    SaveConversion                           0x08002795   Thumb Code    24  config.o(i.SaveConversion)
    SaveCountryKeyboard                      0x080027b5   Thumb Code    18  config.o(i.SaveCountryKeyboard)
    SaveEndMark                              0x080027cd   Thumb Code    18  config.o(i.SaveEndMark)
    SaveErr                                  0x080027e5   Thumb Code    14  config.o(i.SaveErr)
    SaveHideSet                              0x080027f9   Thumb Code   178  config.o(i.SaveHideSet)
    SaveSTXETX                               0x080028d9   Thumb Code    18  config.o(i.SaveSTXETX)
    SaveSingleContinual                      0x080028f1   Thumb Code    18  config.o(i.SaveSingleContinual)
    SaveSleepTime                            0x08002909   Thumb Code    18  config.o(i.SaveSleepTime)
    SaveSuccess                              0x08002921   Thumb Code    14  config.o(i.SaveSuccess)
    SaveWireWireless                         0x08002935   Thumb Code    18  config.o(i.SaveWireWireless)
    SendData                                 0x080029f5   Thumb Code    22  config.o(i.SendData)
    StringAssignment                         0x08002bf5   Thumb Code    40  config.o(i.StringAssignment)
    SuffixAssignment                         0x08002c25   Thumb Code    38  config.o(i.SuffixAssignment)
    SuffixInit                               0x08002c55   Thumb Code    18  config.o(i.SuffixInit)
    SuffixSave                               0x08002c6d   Thumb Code   172  config.o(i.SuffixSave)
    SysTick_Handler                          0x08002d1d   Thumb Code    18  gd32f1x0_it.o(i.SysTick_Handler)
    SystemInit                               0x08002d35   Thumb Code   118  system_gd32f1x0.o(i.SystemInit)
    TIMER0_BRK_UP_TRG_COM_IRQHandler         0x08002dbd   Thumb Code    50  gd32f1x0_it.o(i.TIMER0_BRK_UP_TRG_COM_IRQHandler)
    USART0_IRQHandler                        0x08002dfd   Thumb Code    28  bspscan.o(i.USART0_IRQHandler)
    USBDWakeUp_IRQHandler                    0x08002e21   Thumb Code    12  gd32f1x0_it.o(i.USBDWakeUp_IRQHandler)
    USBD_LP_IRQHandler                       0x08002e2d   Thumb Code     8  gd32f1x0_it.o(i.USBD_LP_IRQHandler)
    UsageFault_Handler                       0x08002e35   Thumb Code     4  gd32f1x0_it.o(i.UsageFault_Handler)
    WritePrefix                              0x08003045   Thumb Code    62  config.o(i.WritePrefix)
    WriteStx                                 0x08003091   Thumb Code    28  config.o(i.WriteStx)
    adc_calibration_enable                   0x08003105   Thumb Code    54  gd32f1x0_adc.o(i.adc_calibration_enable)
    adc_channel_length_config                0x08003141   Thumb Code    82  gd32f1x0_adc.o(i.adc_channel_length_config)
    adc_data_alignment_config                0x08003199   Thumb Code    30  gd32f1x0_adc.o(i.adc_data_alignment_config)
    adc_enable                               0x080031bd   Thumb Code    24  gd32f1x0_adc.o(i.adc_enable)
    adc_external_trigger_config              0x080031d9   Thumb Code    78  gd32f1x0_adc.o(i.adc_external_trigger_config)
    adc_external_trigger_source_config       0x0800322d   Thumb Code    60  gd32f1x0_adc.o(i.adc_external_trigger_source_config)
    adc_flag_get                             0x0800326d   Thumb Code    16  gd32f1x0_adc.o(i.adc_flag_get)
    adc_regular_channel_config               0x08003281   Thumb Code   214  gd32f1x0_adc.o(i.adc_regular_channel_config)
    adc_regular_data_read                    0x0800335d   Thumb Code     8  gd32f1x0_adc.o(i.adc_regular_data_read)
    adc_software_trigger_enable              0x08003369   Thumb Code    38  gd32f1x0_adc.o(i.adc_software_trigger_enable)
    adc_special_function_config              0x08003395   Thumb Code   122  gd32f1x0_adc.o(i.adc_special_function_config)
    character_conversion                     0x08003455   Thumb Code   246  data_format.o(i.character_conversion)
    crc_cal_by_bit                           0x08003559   Thumb Code    68  bspscan.o(i.crc_cal_by_bit)
    data_hide                                0x080035a1   Thumb Code   226  data_format.o(i.data_hide)
    delay_1ms                                0x08003691   Thumb Code    22  systick.o(i.delay_1ms)
    delay_1us                                0x080036ad   Thumb Code    16  systick.o(i.delay_1us)
    delay_decrement                          0x080036c1   Thumb Code    18  systick.o(i.delay_decrement)
    exti_init                                0x080036d9   Thumb Code   178  gd32f1x0_exti.o(i.exti_init)
    exti_interrupt_flag_clear                0x08003791   Thumb Code     6  gd32f1x0_exti.o(i.exti_interrupt_flag_clear)
    exti_interrupt_flag_get                  0x0800379d   Thumb Code    32  gd32f1x0_exti.o(i.exti_interrupt_flag_get)
    fmc_lock                                 0x080037c1   Thumb Code    14  gd32f1x0_fmc.o(i.fmc_lock)
    fmc_page_erase                           0x080037d5   Thumb Code    66  gd32f1x0_fmc.o(i.fmc_page_erase)
    fmc_ready_wait                           0x0800381d   Thumb Code    34  gd32f1x0_fmc.o(i.fmc_ready_wait)
    fmc_state_get                            0x08003841   Thumb Code    44  gd32f1x0_fmc.o(i.fmc_state_get)
    fmc_unlock                               0x08003871   Thumb Code    22  gd32f1x0_fmc.o(i.fmc_unlock)
    fmc_word_program                         0x08003895   Thumb Code    58  gd32f1x0_fmc.o(i.fmc_word_program)
    get_QR_module_data                       0x080038d5   Thumb Code   364  bspscan.o(i.get_QR_module_data)
    gpio_af_set                              0x08003a7d   Thumb Code    94  gd32f1x0_gpio.o(i.gpio_af_set)
    gpio_bit_reset                           0x08003adb   Thumb Code     4  gd32f1x0_gpio.o(i.gpio_bit_reset)
    gpio_bit_set                             0x08003adf   Thumb Code     4  gd32f1x0_gpio.o(i.gpio_bit_set)
    gpio_input_bit_get                       0x08003ae3   Thumb Code    16  gd32f1x0_gpio.o(i.gpio_input_bit_get)
    gpio_mode_set                            0x08003af3   Thumb Code    78  gd32f1x0_gpio.o(i.gpio_mode_set)
    gpio_output_options_set                  0x08003b41   Thumb Code    66  gd32f1x0_gpio.o(i.gpio_output_options_set)
    main                                     0x08003b85   Thumb Code  4150  main.o(i.main)
    nvic_irq_enable                          0x08004bcd   Thumb Code   156  gd32f1x0_misc.o(i.nvic_irq_enable)
    nvic_priority_group_set                  0x08004c71   Thumb Code    10  gd32f1x0_misc.o(i.nvic_priority_group_set)
    play_list_write                          0x08004cdd   Thumb Code    56  bspplay.o(i.play_list_write)
    pmu_to_deepsleepmode                     0x08004d1d   Thumb Code   170  gd32f1x0_pmu.o(i.pmu_to_deepsleepmode)
    rcu_adc_clock_config                     0x08004de1   Thumb Code   148  gd32f1x0_rcu.o(i.rcu_adc_clock_config)
    rcu_clock_freq_get                       0x08004e79   Thumb Code   646  gd32f1x0_rcu.o(i.rcu_clock_freq_get)
    rcu_flag_get                             0x08005121   Thumb Code    30  gd32f1x0_rcu.o(i.rcu_flag_get)
    rcu_osci_on                              0x08005145   Thumb Code    28  gd32f1x0_rcu.o(i.rcu_osci_on)
    rcu_periph_clock_enable                  0x08005165   Thumb Code    28  gd32f1x0_rcu.o(i.rcu_periph_clock_enable)
    rcu_periph_reset_disable                 0x08005185   Thumb Code    28  gd32f1x0_rcu.o(i.rcu_periph_reset_disable)
    rcu_periph_reset_enable                  0x080051a5   Thumb Code    28  gd32f1x0_rcu.o(i.rcu_periph_reset_enable)
    rcu_system_clock_source_config           0x080051c5   Thumb Code    22  gd32f1x0_rcu.o(i.rcu_system_clock_source_config)
    rcu_system_clock_source_get              0x080051e1   Thumb Code    10  gd32f1x0_rcu.o(i.rcu_system_clock_source_get)
    rcu_usbd_clock_config                    0x080051f1   Thumb Code    22  gd32f1x0_rcu.o(i.rcu_usbd_clock_config)
    read_play_list                           0x0800520d   Thumb Code    74  bspplay.o(i.read_play_list)
    read_serial_command                      0x0800525d   Thumb Code   150  bspscan.o(i.read_serial_command)
    scan_start                               0x0800533d   Thumb Code    12  bspscan.o(i.scan_start)
    serial_check                             0x08005439   Thumb Code    82  bspscan.o(i.serial_check)
    serial_check2                            0x08005495   Thumb Code    72  bspscan.o(i.serial_check2)
    spi_disable                              0x080054dd   Thumb Code    10  gd32f1x0_spi.o(i.spi_disable)
    spi_enable                               0x080054e7   Thumb Code    10  gd32f1x0_spi.o(i.spi_enable)
    spi_i2s_data_receive                     0x080054f1   Thumb Code     8  gd32f1x0_spi.o(i.spi_i2s_data_receive)
    spi_i2s_data_transmit                    0x080054f9   Thumb Code     4  gd32f1x0_spi.o(i.spi_i2s_data_transmit)
    spi_i2s_flag_get                         0x080054fd   Thumb Code    16  gd32f1x0_spi.o(i.spi_i2s_flag_get)
    spi_init                                 0x0800550d   Thumb Code    50  gd32f1x0_spi.o(i.spi_init)
    system_lowpower_reset                    0x080055ed   Thumb Code    12  gd32f1x0_misc.o(i.system_lowpower_reset)
    timer_auto_reload_shadow_enable          0x080055fd   Thumb Code    10  gd32f1x0_timer.o(i.timer_auto_reload_shadow_enable)
    timer_channel_output_config              0x08005609   Thumb Code   444  gd32f1x0_timer.o(i.timer_channel_output_config)
    timer_channel_output_mode_config         0x080057d5   Thumb Code    90  gd32f1x0_timer.o(i.timer_channel_output_mode_config)
    timer_channel_output_shadow_config       0x0800582f   Thumb Code    90  gd32f1x0_timer.o(i.timer_channel_output_shadow_config)
    timer_deinit                             0x08005889   Thumb Code   210  gd32f1x0_timer.o(i.timer_deinit)
    timer_enable                             0x08005965   Thumb Code    10  gd32f1x0_timer.o(i.timer_enable)
    timer_init                               0x08005971   Thumb Code   124  gd32f1x0_timer.o(i.timer_init)
    timer_interrupt_enable                   0x08005a05   Thumb Code     8  gd32f1x0_timer.o(i.timer_interrupt_enable)
    timer_interrupt_flag_clear               0x08005a0d   Thumb Code     8  gd32f1x0_timer.o(i.timer_interrupt_flag_clear)
    timer_interrupt_flag_get                 0x08005a15   Thumb Code    32  gd32f1x0_timer.o(i.timer_interrupt_flag_get)
    usart_baudrate_set                       0x08005aa5   Thumb Code   120  gd32f1x0_usart.o(i.usart_baudrate_set)
    usart_data_receive                       0x08005b21   Thumb Code    10  gd32f1x0_usart.o(i.usart_data_receive)
    usart_data_transmit                      0x08005b2b   Thumb Code     8  gd32f1x0_usart.o(i.usart_data_transmit)
    usart_deinit                             0x08005b35   Thumb Code    58  gd32f1x0_usart.o(i.usart_deinit)
    usart_enable                             0x08005b75   Thumb Code    10  gd32f1x0_usart.o(i.usart_enable)
    usart_flag_get                           0x08005b7f   Thumb Code    30  gd32f1x0_usart.o(i.usart_flag_get)
    usart_hardware_flow_cts_config           0x08005b9d   Thumb Code    24  gd32f1x0_usart.o(i.usart_hardware_flow_cts_config)
    usart_hardware_flow_rts_config           0x08005bb5   Thumb Code    24  gd32f1x0_usart.o(i.usart_hardware_flow_rts_config)
    usart_interrupt_enable                   0x08005bcd   Thumb Code    26  gd32f1x0_usart.o(i.usart_interrupt_enable)
    usart_overrun_disable                    0x08005be7   Thumb Code    18  gd32f1x0_usart.o(i.usart_overrun_disable)
    usart_parity_config                      0x08005bf9   Thumb Code    24  gd32f1x0_usart.o(i.usart_parity_config)
    usart_receive_config                     0x08005c11   Thumb Code    16  gd32f1x0_usart.o(i.usart_receive_config)
    usart_stop_bit_set                       0x08005c21   Thumb Code    24  gd32f1x0_usart.o(i.usart_stop_bit_set)
    usart_transmit_config                    0x08005c39   Thumb Code    16  gd32f1x0_usart.o(i.usart_transmit_config)
    usart_word_length_set                    0x08005c49   Thumb Code    24  gd32f1x0_usart.o(i.usart_word_length_set)
    usart_write_baud                         0x08005c61   Thumb Code   158  bspscan.o(i.usart_write_baud)
    write_CODE_TYPE_ID                       0x08005d09   Thumb Code   174  bspscan.o(i.write_CODE_TYPE_ID)
    write_end_mark                           0x08005e91   Thumb Code   162  bspscan.o(i.write_end_mark)
    write_serial_command                     0x08005f41   Thumb Code   192  bspscan.o(i.write_serial_command)
    noID_noSuffix_uartProtocal               0x08006029   Thumb Code    68  bspscan.o(noID_noSuffix_uartProtocal)
    time0_init                               0x08006075   Thumb Code    80  bspplay.o(time0_init)
    time1_init_pwm                           0x080060c9   Thumb Code   120  bspplay.o(time1_init_pwm)
    uart_init                                0x08006141   Thumb Code   208  bspscan.o(uart_init)
    utf8_input_output                        0x08006219   Thumb Code    68  bspscan.o(utf8_input_output)
    write_etx                                0x08006265   Thumb Code    52  bspscan.o(write_etx)
    CommandClrRecor                          0x080062a4   Data           7  dataparse.o(.constdata)
    CommandRequestMatch                      0x080062ab   Data          14  dataparse.o(.constdata)
    CommandRequestMatchForce                 0x080062b9   Data           6  dataparse.o(.constdata)
    CommandWireWireless                      0x080062bf   Data           7  dataparse.o(.constdata)
    CommandSingle                            0x080062c6   Data           7  dataparse.o(.constdata)
    CommandContinual                         0x080062cd   Data           7  dataparse.o(.constdata)
    CommandBeepEn                            0x080062d4   Data           7  dataparse.o(.constdata)
    CommandBeepDis                           0x080062db   Data           7  dataparse.o(.constdata)
    CommandSlpHfMIN                          0x080062e2   Data           8  dataparse.o(.constdata)
    CommandSlp1MIN                           0x080062ea   Data           8  dataparse.o(.constdata)
    CommandSlp5MIN                           0x080062f2   Data           8  dataparse.o(.constdata)
    CommandSlp10MIN                          0x080062fa   Data           8  dataparse.o(.constdata)
    CommandSlp20MIN                          0x08006302   Data           8  dataparse.o(.constdata)
    CommandShutdown                          0x0800630a   Data           6  dataparse.o(.constdata)
    CommandSTXEn                             0x08006310   Data           8  dataparse.o(.constdata)
    CommandSTXDis                            0x08006318   Data           8  dataparse.o(.constdata)
    CommandETXEn                             0x08006320   Data           8  dataparse.o(.constdata)
    CommandETXDis                            0x08006328   Data           8  dataparse.o(.constdata)
    CommandPrefixEn                          0x08006330   Data           8  dataparse.o(.constdata)
    CommandPrefixDis                         0x08006338   Data           8  dataparse.o(.constdata)
    CommandPrefixModify                      0x08006340   Data           8  dataparse.o(.constdata)
    CommandCodeIdEn                          0x08006348   Data           8  dataparse.o(.constdata)
    CommandCodeIdDis                         0x08006350   Data           8  dataparse.o(.constdata)
    CommandCodeTypeDispEn                    0x08006358   Data           7  dataparse.o(.constdata)
    CommandCodeTypeDispDis                   0x0800635f   Data           7  dataparse.o(.constdata)
    CommandSuffixCR                          0x08006366   Data           7  dataparse.o(.constdata)
    CommandSuffixLF                          0x0800636d   Data           7  dataparse.o(.constdata)
    CommandSuffixCRLF                        0x08006374   Data           7  dataparse.o(.constdata)
    CommandSuffixHT                          0x0800637b   Data           7  dataparse.o(.constdata)
    CommandSuffixSPACE                       0x08006382   Data           7  dataparse.o(.constdata)
    CommandSuffixEMPTY                       0x08006389   Data           7  dataparse.o(.constdata)
    CommandSuffixEn                          0x08006390   Data           8  dataparse.o(.constdata)
    CommandSuffixDis                         0x08006398   Data           8  dataparse.o(.constdata)
    CommandSuddixModify                      0x080063a0   Data           8  dataparse.o(.constdata)
    CommandHeadHideEn                        0x080063a8   Data           8  dataparse.o(.constdata)
    CommandHeadHideDis                       0x080063b0   Data           8  dataparse.o(.constdata)
    CommandHeadHideLen                       0x080063b8   Data           8  dataparse.o(.constdata)
    CommandTailHideEn                        0x080063c0   Data           8  dataparse.o(.constdata)
    CommandTailHideDis                       0x080063c8   Data           8  dataparse.o(.constdata)
    CommandTailHideLen                       0x080063d0   Data           8  dataparse.o(.constdata)
    CommandStringHideEn                      0x080063d8   Data           7  dataparse.o(.constdata)
    CommandStringHideDis                     0x080063df   Data           7  dataparse.o(.constdata)
    CommandStringHideSet                     0x080063e6   Data           7  dataparse.o(.constdata)
    CommandCharNoAction                      0x080063ed   Data           8  dataparse.o(.constdata)
    CommandUppercaseConversion               0x080063f5   Data           8  dataparse.o(.constdata)
    CommandLowercaseConversion               0x080063fd   Data           8  dataparse.o(.constdata)
    CommandCharConversion                    0x08006405   Data           8  dataparse.o(.constdata)
    CommandBaud1200                          0x0800640d   Data           8  dataparse.o(.constdata)
    CommandBaud4800                          0x08006415   Data           8  dataparse.o(.constdata)
    CommandBaud9600                          0x0800641d   Data           8  dataparse.o(.constdata)
    CommandBaud14400                         0x08006425   Data           8  dataparse.o(.constdata)
    CommandBaud19200                         0x0800642d   Data           8  dataparse.o(.constdata)
    CommandBaud38400                         0x08006435   Data           8  dataparse.o(.constdata)
    CommandBaud57600                         0x0800643d   Data           8  dataparse.o(.constdata)
    CommandBaud115200                        0x08006445   Data           8  dataparse.o(.constdata)
    CommandEAN13En                           0x0800644d   Data           7  dataparse.o(.constdata)
    CommandEAN13Dis                          0x08006454   Data           7  dataparse.o(.constdata)
    CommandEAN8En                            0x0800645b   Data           7  dataparse.o(.constdata)
    CommandEAN8Dis                           0x08006462   Data           7  dataparse.o(.constdata)
    CommandUPCAEn                            0x08006469   Data           7  dataparse.o(.constdata)
    CommandUPCADis                           0x08006470   Data           7  dataparse.o(.constdata)
    CommandUPCE0En                           0x08006477   Data           8  dataparse.o(.constdata)
    CommandUPCE0Dis                          0x0800647f   Data           8  dataparse.o(.constdata)
    CommandUPCE1En                           0x08006487   Data           8  dataparse.o(.constdata)
    CommandUPCE1Dis                          0x0800648f   Data           8  dataparse.o(.constdata)
    CommandCODE128En                         0x08006497   Data           7  dataparse.o(.constdata)
    CommandCODE128Dis                        0x0800649e   Data           7  dataparse.o(.constdata)
    CommandCODE128Least0                     0x080064a5   Data           7  dataparse.o(.constdata)
    CommandCODE128Least4                     0x080064ac   Data           7  dataparse.o(.constdata)
    CommandCODE128Most32                     0x080064b3   Data           7  dataparse.o(.constdata)
    CommandCODE128Most255                    0x080064ba   Data           7  dataparse.o(.constdata)
    CommandCODE39En                          0x080064c1   Data           7  dataparse.o(.constdata)
    CommandCODE39Dis                         0x080064c8   Data           7  dataparse.o(.constdata)
    CommandCODE39Least0                      0x080064cf   Data           7  dataparse.o(.constdata)
    CommandCODE39Least4                      0x080064d6   Data           7  dataparse.o(.constdata)
    CommandCODE39Most32                      0x080064dd   Data           7  dataparse.o(.constdata)
    CommandCODE39Most255                     0x080064e4   Data           7  dataparse.o(.constdata)
    CommandCODE93En                          0x080064eb   Data           7  dataparse.o(.constdata)
    CommandCODE93Dis                         0x080064f2   Data           7  dataparse.o(.constdata)
    CommandCODE93Least0                      0x080064f9   Data           7  dataparse.o(.constdata)
    CommandCODE93Least4                      0x08006500   Data           7  dataparse.o(.constdata)
    CommandCODE93Most32                      0x08006507   Data           7  dataparse.o(.constdata)
    CommandCODE93Most255                     0x0800650e   Data           7  dataparse.o(.constdata)
    CommandCODEBAREn                         0x08006515   Data           7  dataparse.o(.constdata)
    CommandCODEBARDis                        0x0800651c   Data           7  dataparse.o(.constdata)
    CommandCODEBARLeast0                     0x08006523   Data           7  dataparse.o(.constdata)
    CommandCODEBARLeast4                     0x0800652a   Data           7  dataparse.o(.constdata)
    CommandCODEBARMost32                     0x08006531   Data           7  dataparse.o(.constdata)
    CommandCODEBARMost255                    0x08006538   Data           7  dataparse.o(.constdata)
    CommandCODEBARSendNon                    0x0800653f   Data           7  dataparse.o(.constdata)
    CommandCODEBARSendStrEnd                 0x08006546   Data           7  dataparse.o(.constdata)
    CommandQREn                              0x0800654d   Data           7  dataparse.o(.constdata)
    CommandQRDis                             0x08006554   Data           7  dataparse.o(.constdata)
    CommandINTERLEAVED25En                   0x0800655b   Data           7  dataparse.o(.constdata)
    CommandINTERLEAVED25Dis                  0x08006562   Data           7  dataparse.o(.constdata)
    CommandINTERLEAVED25least0               0x08006569   Data           7  dataparse.o(.constdata)
    CommandINTERLEAVED25least4               0x08006570   Data           7  dataparse.o(.constdata)
    CommandINTERLEAVED25Most32               0x08006577   Data           7  dataparse.o(.constdata)
    CommandINTERLEAVED25Most255              0x0800657e   Data           7  dataparse.o(.constdata)
    CommandINDUSTRIAL25En                    0x08006585   Data           7  dataparse.o(.constdata)
    CommandINDUSTRIAL25Dis                   0x0800658c   Data           7  dataparse.o(.constdata)
    CommandINDUSTRIAL25Least0                0x08006593   Data           7  dataparse.o(.constdata)
    CommandINDUSTRIAL25Least4                0x0800659a   Data           7  dataparse.o(.constdata)
    CommandINDUSTRIAL25Most32                0x080065a1   Data           7  dataparse.o(.constdata)
    CommandINDUSTRIAL25Most255               0x080065a8   Data           7  dataparse.o(.constdata)
    CommandMATRIX25En                        0x080065af   Data           7  dataparse.o(.constdata)
    CommandMATRIX25Dis                       0x080065b6   Data           7  dataparse.o(.constdata)
    CommandMATRIX25Least0                    0x080065bd   Data           7  dataparse.o(.constdata)
    CommandMATRIX25Least4                    0x080065c4   Data           7  dataparse.o(.constdata)
    CommandMATRIX25Most32                    0x080065cb   Data           7  dataparse.o(.constdata)
    CommandMATRIX25Most255                   0x080065d2   Data           7  dataparse.o(.constdata)
    CommandCODE11En                          0x080065d9   Data           7  dataparse.o(.constdata)
    CommandCODE11Dis                         0x080065e0   Data           7  dataparse.o(.constdata)
    CommandCODE11Least0                      0x080065e7   Data           7  dataparse.o(.constdata)
    CommandCODE11Least4                      0x080065ee   Data           7  dataparse.o(.constdata)
    CommandCODE11Most32                      0x080065f5   Data           7  dataparse.o(.constdata)
    CommandCODE11Most255                     0x080065fc   Data           7  dataparse.o(.constdata)
    CommandMSIEn                             0x08006603   Data           7  dataparse.o(.constdata)
    CommandMSIDis                            0x0800660a   Data           7  dataparse.o(.constdata)
    CommandMSILeast0                         0x08006611   Data           7  dataparse.o(.constdata)
    CommandMSILeast4                         0x08006618   Data           7  dataparse.o(.constdata)
    CommandMSIMost32                         0x0800661f   Data           7  dataparse.o(.constdata)
    CommandMSIMost255                        0x08006626   Data           7  dataparse.o(.constdata)
    CommandRSS14En                           0x0800662d   Data           9  dataparse.o(.constdata)
    CommandRSS14Dis                          0x08006636   Data           9  dataparse.o(.constdata)
    CommandRSSLMTEn                          0x0800663f   Data           8  dataparse.o(.constdata)
    CommandRSSLMTDis                         0x08006647   Data           8  dataparse.o(.constdata)
    CommandRSSEXTEn                          0x0800664f   Data           8  dataparse.o(.constdata)
    CommandRSSEXTDis                         0x08006657   Data           8  dataparse.o(.constdata)
    CommandRSSLeast0                         0x0800665f   Data           7  dataparse.o(.constdata)
    CommandRSSLeast4                         0x08006666   Data           7  dataparse.o(.constdata)
    CommandRSSMost32                         0x0800666d   Data           7  dataparse.o(.constdata)
    CommandRSSMost255                        0x08006674   Data           7  dataparse.o(.constdata)
    CommandDMEn                              0x0800667b   Data           7  dataparse.o(.constdata)
    CommandDMDis                             0x08006682   Data           7  dataparse.o(.constdata)
    CommandPDF417En                          0x08006689   Data           7  dataparse.o(.constdata)
    CommandPDF417Dis                         0x08006690   Data           7  dataparse.o(.constdata)
    CommandAmerica                           0x08006697   Data           6  dataparse.o(.constdata)
    CommandGermany                           0x0800669d   Data           6  dataparse.o(.constdata)
    CommandFranceCAN                         0x080066a3   Data           6  dataparse.o(.constdata)
    CommandFrance                            0x080066a9   Data           6  dataparse.o(.constdata)
    CommandItay                              0x080066af   Data           6  dataparse.o(.constdata)
    CommandPortuguese                        0x080066b5   Data           6  dataparse.o(.constdata)
    CommandPortugueseBr                      0x080066bb   Data           6  dataparse.o(.constdata)
    CommandSpanish                           0x080066c1   Data           6  dataparse.o(.constdata)
    Region$$Table$$Base                      0x080066c8   Number         0  anon$$obj.o(Region$$Table)
    Region$$Table$$Limit                     0x080066e8   Number         0  anon$$obj.o(Region$$Table)
    BSPUsbInit                               0x080080c9   Thumb Code    26  bspusb.o(i.BSPUsbInit)
    SendWire                                 0x080080e9   Thumb Code    46  bspusb.o(i.SendWire)
    hid_data_handler                         0x080081e1   Thumb Code    56  hid_core.o(i.hid_data_handler)
    hid_deinit                               0x08008221   Thumb Code    18  hid_core.o(i.hid_deinit)
    hid_init                                 0x08008235   Thumb Code    20  hid_core.o(i.hid_init)
    hid_report_send                          0x0800824d   Thumb Code    30  hid_core.o(i.hid_report_send)
    hid_req_handler                          0x08008271   Thumb Code   232  hid_core.o(i.hid_req_handler)
    resume_mcu                               0x0800a155   Thumb Code    36  usbd_pwr.o(i.resume_mcu)
    usbd_device_class_request                0x0800a2a5   Thumb Code    96  usbd_std.o(i.usbd_device_class_request)
    usbd_enum_error                          0x0800a319   Thumb Code    16  usbd_std.o(i.usbd_enum_error)
    usbd_ep_clear_stall                      0x0800a329   Thumb Code   212  usbd_core.o(i.usbd_ep_clear_stall)
    usbd_ep_data_read                        0x0800a401   Thumb Code    32  usbd_core.o(i.usbd_ep_data_read)
    usbd_ep_data_write                       0x0800a425   Thumb Code    30  usbd_core.o(i.usbd_ep_data_write)
    usbd_ep_deinit                           0x0800a449   Thumb Code   174  usbd_core.o(i.usbd_ep_deinit)
    usbd_ep_init                             0x0800a4fd   Thumb Code   742  usbd_core.o(i.usbd_ep_init)
    usbd_ep_rx                               0x0800a7f1   Thumb Code    70  usbd_core.o(i.usbd_ep_rx)
    usbd_ep_stall                            0x0800a83d   Thumb Code   156  usbd_core.o(i.usbd_ep_stall)
    usbd_ep_tx                               0x0800a8dd   Thumb Code   134  usbd_core.o(i.usbd_ep_tx)
    usbd_in_transaction                      0x0800ab89   Thumb Code   270  usbd_std.o(i.usbd_in_transaction)
    usbd_isr                                 0x0800af59   Thumb Code   202  usbd_int.o(i.usbd_isr)
    usbd_out_transaction                     0x0800b031   Thumb Code   154  usbd_std.o(i.usbd_out_transaction)
    usbd_remote_wakeup_active                0x0800b0d5   Thumb Code    34  usbd_pwr.o(i.usbd_remote_wakeup_active)
    usbd_setup_request_parse                 0x0800b435   Thumb Code    50  usbd_std.o(i.usbd_setup_request_parse)
    usbd_setup_transaction                   0x0800b467   Thumb Code    78  usbd_std.o(i.usbd_setup_transaction)
    usbd_standard_request                    0x0800b4b5   Thumb Code    24  usbd_std.o(i.usbd_standard_request)
    usbd_suspend                             0x0800b4e1   Thumb Code    62  usbd_pwr.o(i.usbd_suspend)
    usbd_vendor_request                      0x0800b527   Thumb Code     6  usbd_std.o(i.usbd_vendor_request)
    device_descripter                        0x0800b5b2   Data          18  hid_core.o(.constdata)
    configuration_descriptor                 0x0800b5c4   Data          41  hid_core.o(.constdata)
    usbd_language_id_desc                    0x0800b5ed   Data           4  hid_core.o(.constdata)
    usbd_strings                             0x0800b5f4   Data          16  hid_core.o(.constdata)
    hid_report_desc                          0x0800b604   Data          41  hid_core.o(.constdata)
    wire_wireless                            0x20000000   Data           4  main.o(.data)
    send_success                             0x20000004   Data           4  main.o(.data)
    send_error                               0x20000008   Data           4  main.o(.data)
    ad                                       0x2000000c   Data           2  main.o(.data)
    BAT                                      0x2000000e   Data           1  main.o(.data)
    channel_jump                             0x2000000f   Data           7  main.o(.data)
    index1                                   0x20000016   Data           1  main.o(.data)
    prefix_mdy_flag                          0x20000017   Data           1  main.o(.data)
    suffix_mdy_flag                          0x20000018   Data           1  main.o(.data)
    head_hide_mdy_flag                       0x20000019   Data           1  main.o(.data)
    tail_hide_mdy_flag                       0x2000001a   Data           1  main.o(.data)
    string_hide_mdy_flag                     0x2000001b   Data           1  main.o(.data)
    insert_character_set_flag                0x2000001c   Data           1  main.o(.data)
    insert_pos_flag                          0x2000001d   Data           1  main.o(.data)
    grp_index                                0x2000001e   Data           1  main.o(.data)
    time                                     0x20000020   Data           4  gd32f1x0_it.o(.data)
    scan_time                                0x20000024   Data           4  gd32f1x0_it.o(.data)
    scan_delay                               0x20000028   Data           4  gd32f1x0_it.o(.data)
    codeID_user                              0x20000030   Data          20  config.o(.data)
    SystemCoreClock                          0x20000044   Data           4  system_gd32f1x0.o(.data)
    usbd_int_fops                            0x20000054   Data           4  hid_core.o(.data)
    g_interrupt_mask                         0x20000058   Data           4  usbd_core.o(.data)
    g_free_buf_addr                          0x2000005c   Data           4  usbd_core.o(.data)
    pbuf_reg                                 0x20000060   Data           4  usbd_core.o(.data)
    g_ESOF_count                             0x20000064   Data           1  usbd_pwr.o(.data)
    g_suspend_enabled                        0x20000065   Data           1  usbd_pwr.o(.data)
    g_remote_wakeup_on                       0x20000066   Data           1  usbd_pwr.o(.data)
    g_device_address                         0x20000068   Data           1  usbd_std.o(.data)
    prev_transfer_complete                   0x200000b0   Data           1  bspusb.o(.data)
    key_buffer                               0x200000b1   Data           8  bspusb.o(.data)
    usb_device_dev                           0x200000bc   Data         124  bspusb.o(.data)
    get_QRmodule_status                      0x2000013b   Data           1  bspscan.o(.data)
    QR_len                                   0x2000013c   Data           1  bspscan.o(.data)
    ch                                       0x2000013d   Data           1  bspscan.o(.data)
    tx_len                                   0x2000013e   Data           2  bspscan.o(.data)
    uart_len                                 0x20000140   Data           2  bspscan.o(.data)
    data_tail                                0x20000142   Data           2  bspscan.o(.data)
    get_len_flag                             0x20000144   Data           1  bspscan.o(.data)
    get_codeID                               0x20000145   Data           1  bspscan.o(.data)
    resend                                   0x20000146   Data           1  bspscan.o(.data)
    ttt                                      0x20000147   Data           1  bspscan.o(.data)
    PDummy                                   0x2000017c   Data           4  lt8920.o(.data)
    PWaiting                                 0x20000180   Data           4  lt8920.o(.data)
    PChannelList                             0x20000184   Data           4  lt8920.o(.data)
    array_insert                             0x2000018c   Data         128  data_format.o(.bss)
    DevConfig                                0x20000248   Data          76  config.o(.bss)
    prefix_shadow                            0x200006e0   Data          18  bspscan.o(.bss)
    suffix_shadow                            0x200006f2   Data          18  bspscan.o(.bss)
    hide_shadow                              0x20000704   Data          21  bspscan.o(.bss)
    TxBuffer                                 0x20000719   Data         700  bspscan.o(.bss)
    QR_sta                                   0x200009d5   Data          10  bspscan.o(.bss)
    TA                                       0x200009df   Data         100  bspscan.o(.bss)
    PlayList                                 0x20000a44   Data          36  bspplay.o(.bss)
    _random_number_data                      0x20000e60   Data         228  rand.o(.bss)
    __libspace_start                         0x20000f44   Data          96  libspace.o(.bss)
    __temporary_stack_top$libspace           0x20000fa4   Data           0  libspace.o(.bss)



==============================================================================

Memory Map of the image

  Image Entry point : 0x08000169

  Load Region LR_IROM1 (Base: 0x08000000, Size: 0x00006874, Max: 0x00008000, ABSOLUTE, COMPRESSED[0x00006778])

    Execution Region ER_IROM1 (Base: 0x08000000, Size: 0x000066e8, Max: 0x00008000, ABSOLUTE)

    Base Addr    Size         Type   Attr      Idx    E Section Name        Object

    0x08000000   0x00000168   Data   RO          911    RESET               startup_gd32f1x0.o
    0x08000168   0x00000008   Code   RO         6069  * !!!main             c_w.l(__main.o)
    0x08000170   0x00000034   Code   RO         6230    !!!scatter          c_w.l(__scatter.o)
    0x080001a4   0x0000005a   Code   RO         6228    !!dczerorl2         c_w.l(__dczerorl2.o)
    0x080001fe   0x00000002   PAD
    0x08000200   0x0000001c   Code   RO         6232    !!handler_zi        c_w.l(__scatter_zi.o)
    0x0800021c   0x00000002   Code   RO         6151    .ARM.Collect$$libinit$$00000000  c_w.l(libinit.o)
    0x0800021e   0x00000000   Code   RO         6075    .ARM.Collect$$libinit$$00000002  c_w.l(libinit2.o)
    0x0800021e   0x00000000   Code   RO         6077    .ARM.Collect$$libinit$$00000004  c_w.l(libinit2.o)
    0x0800021e   0x00000000   Code   RO         6080    .ARM.Collect$$libinit$$0000000A  c_w.l(libinit2.o)
    0x0800021e   0x00000000   Code   RO         6082    .ARM.Collect$$libinit$$0000000C  c_w.l(libinit2.o)
    0x0800021e   0x00000004   Code   RO         6083    .ARM.Collect$$libinit$$0000000D  c_w.l(libinit2.o)
    0x08000222   0x00000000   Code   RO         6084    .ARM.Collect$$libinit$$0000000E  c_w.l(libinit2.o)
    0x08000222   0x00000000   Code   RO         6087    .ARM.Collect$$libinit$$00000011  c_w.l(libinit2.o)
    0x08000222   0x00000000   Code   RO         6089    .ARM.Collect$$libinit$$00000013  c_w.l(libinit2.o)
    0x08000222   0x00000000   Code   RO         6091    .ARM.Collect$$libinit$$00000015  c_w.l(libinit2.o)
    0x08000222   0x00000000   Code   RO         6093    .ARM.Collect$$libinit$$00000017  c_w.l(libinit2.o)
    0x08000222   0x00000000   Code   RO         6095    .ARM.Collect$$libinit$$00000019  c_w.l(libinit2.o)
    0x08000222   0x00000000   Code   RO         6097    .ARM.Collect$$libinit$$0000001B  c_w.l(libinit2.o)
    0x08000222   0x00000000   Code   RO         6099    .ARM.Collect$$libinit$$0000001D  c_w.l(libinit2.o)
    0x08000222   0x00000000   Code   RO         6101    .ARM.Collect$$libinit$$0000001F  c_w.l(libinit2.o)
    0x08000222   0x00000000   Code   RO         6103    .ARM.Collect$$libinit$$00000021  c_w.l(libinit2.o)
    0x08000222   0x00000000   Code   RO         6105    .ARM.Collect$$libinit$$00000023  c_w.l(libinit2.o)
    0x08000222   0x00000000   Code   RO         6107    .ARM.Collect$$libinit$$00000025  c_w.l(libinit2.o)
    0x08000222   0x00000000   Code   RO         6111    .ARM.Collect$$libinit$$0000002C  c_w.l(libinit2.o)
    0x08000222   0x00000000   Code   RO         6113    .ARM.Collect$$libinit$$0000002E  c_w.l(libinit2.o)
    0x08000222   0x00000000   Code   RO         6115    .ARM.Collect$$libinit$$00000030  c_w.l(libinit2.o)
    0x08000222   0x00000000   Code   RO         6117    .ARM.Collect$$libinit$$00000032  c_w.l(libinit2.o)
    0x08000222   0x00000002   Code   RO         6118    .ARM.Collect$$libinit$$00000033  c_w.l(libinit2.o)
    0x08000224   0x00000002   Code   RO         6189    .ARM.Collect$$libshutdown$$00000000  c_w.l(libshutdown.o)
    0x08000226   0x00000000   Code   RO         6195    .ARM.Collect$$libshutdown$$00000002  c_w.l(libshutdown2.o)
    0x08000226   0x00000000   Code   RO         6197    .ARM.Collect$$libshutdown$$00000004  c_w.l(libshutdown2.o)
    0x08000226   0x00000000   Code   RO         6200    .ARM.Collect$$libshutdown$$00000007  c_w.l(libshutdown2.o)
    0x08000226   0x00000000   Code   RO         6203    .ARM.Collect$$libshutdown$$0000000A  c_w.l(libshutdown2.o)
    0x08000226   0x00000000   Code   RO         6205    .ARM.Collect$$libshutdown$$0000000C  c_w.l(libshutdown2.o)
    0x08000226   0x00000000   Code   RO         6208    .ARM.Collect$$libshutdown$$0000000F  c_w.l(libshutdown2.o)
    0x08000226   0x00000002   Code   RO         6209    .ARM.Collect$$libshutdown$$00000010  c_w.l(libshutdown2.o)
    0x08000228   0x00000000   Code   RO         6071    .ARM.Collect$$rtentry$$00000000  c_w.l(__rtentry.o)
    0x08000228   0x00000000   Code   RO         6120    .ARM.Collect$$rtentry$$00000002  c_w.l(__rtentry2.o)
    0x08000228   0x00000006   Code   RO         6132    .ARM.Collect$$rtentry$$00000004  c_w.l(__rtentry4.o)
    0x0800022e   0x00000000   Code   RO         6122    .ARM.Collect$$rtentry$$00000009  c_w.l(__rtentry2.o)
    0x0800022e   0x00000004   Code   RO         6123    .ARM.Collect$$rtentry$$0000000A  c_w.l(__rtentry2.o)
    0x08000232   0x00000000   Code   RO         6125    .ARM.Collect$$rtentry$$0000000C  c_w.l(__rtentry2.o)
    0x08000232   0x00000008   Code   RO         6126    .ARM.Collect$$rtentry$$0000000D  c_w.l(__rtentry2.o)
    0x0800023a   0x00000002   Code   RO         6157    .ARM.Collect$$rtexit$$00000000  c_w.l(rtexit.o)
    0x0800023c   0x00000000   Code   RO         6169    .ARM.Collect$$rtexit$$00000002  c_w.l(rtexit2.o)
    0x0800023c   0x00000004   Code   RO         6170    .ARM.Collect$$rtexit$$00000003  c_w.l(rtexit2.o)
    0x08000240   0x00000006   Code   RO         6171    .ARM.Collect$$rtexit$$00000004  c_w.l(rtexit2.o)
    0x08000246   0x00000002   PAD
    0x08000248   0x00000034   Code   RO         6056    .emb_text           c_w.l(rand.o)
    0x0800027c   0x00000040   Code   RO          912    .text               startup_gd32f1x0.o
    0x080002bc   0x0000003c   Code   RO         6057    .text               c_w.l(rand.o)
    0x080002f8   0x0000003e   Code   RO         6061    .text               c_w.l(strlen.o)
    0x08000336   0x0000008a   Code   RO         6063    .text               c_w.l(rt_memcpy_v6.o)
    0x080003c0   0x0000004e   Code   RO         6065    .text               c_w.l(rt_memclr_w.o)
    0x0800040e   0x00000006   Code   RO         6067    .text               c_w.l(heapauxi.o)
    0x08000414   0x00000064   Code   RO         6072    .text               c_w.l(rt_memcpy_w.o)
    0x08000478   0x0000004a   Code   RO         6138    .text               c_w.l(sys_stackheap_outer.o)
    0x080004c2   0x00000012   Code   RO         6140    .text               c_w.l(exit.o)
    0x080004d4   0x00000008   Code   RO         6154    .text               c_w.l(libspace.o)
    0x080004dc   0x00000002   Code   RO         6165    .text               c_w.l(use_no_semi.o)
    0x080004de   0x00000000   Code   RO         6167    .text               c_w.l(indicate_semi.o)
    0x080004de   0x00000002   PAD
    0x080004e0   0x0000000c   Code   RO         6181    .text               c_w.l(sys_exit.o)
    0x080004ec   0x0000001c   Code   RO         5296    BSPKeyInit          bspkey.o
    0x08000508   0x0000003c   Code   RO         5615    BSPPlayPowerOff     bspplay.o
    0x08000544   0x00000040   Code   RO         5339    BSPScanInit         bspscan.o
    0x08000584   0x0000000e   Code   RO         5340    NVIC_Configuration  bspscan.o
    0x08000592   0x00000002   PAD
    0x08000594   0x00000050   Code   RO          352    SysTick_Configuration  systick.o
    0x080005e4   0x00000034   Code   RO         5616    beep_init           bspplay.o
    0x08000618   0x00000048   Code   RO         5341    codeID_character_set  bspscan.o
    0x08000660   0x00000016   Code   RO         5343    get_suffix_len      bspscan.o
    0x08000676   0x00000012   Code   RO         5706    i.ADC0_GPIO_Configuration  bspbat.o
    0x08000688   0x0000004a   Code   RO         5707    i.BSPBatCheckInit   bspbat.o
    0x080006d2   0x00000002   PAD
    0x080006d4   0x00000024   Code   RO         5708    i.BSPBatLowPowerCheck  bspbat.o
    0x080006f8   0x0000001e   Code   RO         5131    i.BSPEepromRead     bspeeprom.o
    0x08000716   0x00000002   PAD
    0x08000718   0x000000f4   Code   RO         5132    i.BSPEepromWrite    bspeeprom.o
    0x0800080c   0x00000034   Code   RO         5297    i.BSPKeyScan        bspkey.o
    0x08000840   0x0000003c   Code   RO         5298    i.BSPKeyScanInContinual  bspkey.o
    0x0800087c   0x00000024   Code   RO         5299    i.BSPKeyWaitRelease  bspkey.o
    0x080008a0   0x0000003c   Code   RO         5617    i.BSPPlay           bspplay.o
    0x080008dc   0x00000022   Code   RO         5618    i.BSPPlayFail       bspplay.o
    0x080008fe   0x00000018   Code   RO         5619    i.BSPPlayPowerOn    bspplay.o
    0x08000916   0x0000000e   Code   RO         5620    i.BSPPlaySuccess    bspplay.o
    0x08000924   0x00000030   Code   RO         5344    i.BSPScan           bspscan.o
    0x08000954   0x0000000c   Code   RO         5345    i.BSPScanGetComplete  bspscan.o
    0x08000960   0x0000000c   Code   RO         5346    i.BSPScanSetComplete  bspscan.o
    0x0800096c   0x00000028   Code   RO         5347    i.BSPScannerFirstSet  bspscan.o
    0x08000994   0x0000002c   Code   RO         5174    i.BSPSystemFreeTimeingShutdown  bspsystem.o
    0x080009c0   0x0000000c   Code   RO         5175    i.BSPSystemInit     bspsystem.o
    0x080009cc   0x00000002   Code   RO         5757    i.BSPWatchDogInit   bspwatchdog.o
    0x080009ce   0x00000002   Code   RO         5758    i.BSPWatchDogReset  bspwatchdog.o
    0x080009d0   0x00000008   Code   RO         5001    i.BSPWirelessConfig  bspwireless.o
    0x080009d8   0x0000000c   Code   RO         5002    i.BSPWirelessConnect  bspwireless.o
    0x080009e4   0x00000008   Code   RO         5004    i.BSPWirelessFactoryReset  bspwireless.o
    0x080009ec   0x00000008   Code   RO         5005    i.BSPWirelessInit   bspwireless.o
    0x080009f4   0x00000008   Code   RO         5011    i.BSPWirelessRoutine  bspwireless.o
    0x080009fc   0x00000008   Code   RO         5012    i.BSPWirelessSaveConfig  bspwireless.o
    0x08000a04   0x00000008   Code   RO         5013    i.BSPWirelessSaveConnect  bspwireless.o
    0x08000a0c   0x00000010   Code   RO         5014    i.BSPWirelessWriteBytes  bspwireless.o
    0x08000a1c   0x00000014   Code   RO         5709    i.BatteryStable     bspbat.o
    0x08000a30   0x0000001c   Code   RO          454    i.BaudSet           config.o
    0x08000a4c   0x00000030   Code   RO         5787    i.BroadcastInit     lt8920.o
    0x08000a7c   0x00000004   Code   RO          222    i.BusFault_Handler  gd32f1x0_it.o
    0x08000a80   0x00000048   Code   RO         5788    i.CRCCal            lt8920.o
    0x08000ac8   0x00000050   Code   RO         5789    i.ChannelHop        lt8920.o
    0x08000b18   0x0000009c   Code   RO         5790    i.ChannelRand       lt8920.o
    0x08000bb4   0x00000020   Code   RO         5791    i.ChannelSync       lt8920.o
    0x08000bd4   0x00000034   Code   RO         5792    i.CheckCrc          lt8920.o
    0x08000c08   0x00000018   Code   RO          455    i.ConfigComplete    config.o
    0x08000c20   0x00000034   Code   RO         5793    i.Connect           lt8920.o
    0x08000c54   0x0000004c   Code   RO         5794    i.DataArrayChannelSet  lt8920.o
    0x08000ca0   0x0000013c   Code   RO         5795    i.DatasDivide       lt8920.o
    0x08000ddc   0x00000002   Code   RO          223    i.DebugMon_Handler  gd32f1x0_it.o
    0x08000dde   0x00000002   PAD
    0x08000de0   0x00000044   Code   RO         5796    i.DummyInit         lt8920.o
    0x08000e24   0x00000030   Code   RO          224    i.EXTI4_15_IRQHandler  gd32f1x0_it.o
    0x08000e54   0x000000a0   Code   RO          456    i.FactorySet        config.o
    0x08000ef4   0x00000026   Code   RO         5133    i.FlashWriteNoCheck  bspeeprom.o
    0x08000f1a   0x00000002   PAD
    0x08000f1c   0x00000018   Code   RO         5797    i.GetPid            lt8920.o
    0x08000f34   0x0000001e   Code   RO          457    i.GetPrefixLen      config.o
    0x08000f52   0x00000002   PAD
    0x08000f54   0x00000018   Code   RO         5798    i.GetSPid           lt8920.o
    0x08000f6c   0x00000004   Code   RO          225    i.HardFault_Handler  gd32f1x0_it.o
    0x08000f70   0x0000003c   Code   RO          458    i.HideInit          config.o
    0x08000fac   0x00000038   Code   RO         5799    i.InformSuccess     lt8920.o
    0x08000fe4   0x00000064   Code   RO          405    i.KMP               data_format.o
    0x08001048   0x00000168   Code   RO         5801    i.LT8920Config      lt8920.o
    0x080011b0   0x0000004c   Code   RO         5802    i.LT8920CreateConnect  lt8920.o
    0x080011fc   0x00000040   Code   RO         5803    i.LT8920DummySend   lt8920.o
    0x0800123c   0x00000010   Code   RO         5804    i.LT8920FactoryReset  lt8920.o
    0x0800124c   0x00000020   Code   RO         5805    i.LT8920IncreaseRandom  lt8920.o
    0x0800126c   0x00000008   Code   RO         5806    i.LT8920Init        lt8920.o
    0x08001274   0x00000026   Code   RO         5808    i.LT8920Reset       lt8920.o
    0x0800129a   0x00000002   PAD
    0x0800129c   0x0000001c   Code   RO         5809    i.LT8920SavePidSpid  lt8920.o
    0x080012b8   0x00000030   Code   RO         5810    i.LT8920SaveSrcDest  lt8920.o
    0x080012e8   0x00000016   Code   RO         5811    i.LT8920Send        lt8920.o
    0x080012fe   0x00000002   PAD
    0x08001300   0x000000ac   Code   RO         5812    i.Lt8920SpiInit     lt8920.o
    0x080013ac   0x00000004   Code   RO          226    i.MemManage_Handler  gd32f1x0_it.o
    0x080013b0   0x00000028   Code   RO         5813    i.ModeReceive       lt8920.o
    0x080013d8   0x00000002   Code   RO          227    i.NMI_Handler       gd32f1x0_it.o
    0x080013da   0x00000002   PAD
    0x080013dc   0x00000028   Code   RO          353    i.NVIC_SetPriority  systick.o
    0x08001404   0x00000094   Code   RO          791    i.ParseCmd          dataparse.o
    0x08001498   0x00000a78   Code   RO          792    i.Parsing           dataparse.o
    0x08001f10   0x00000058   Code   RO          793    i.ParsingHeadLenMdy  dataparse.o
    0x08001f68   0x00000058   Code   RO          794    i.ParsingPrefixMdychar  dataparse.o
    0x08001fc0   0x00000058   Code   RO          795    i.ParsingSuffixMdychar  dataparse.o
    0x08002018   0x00000058   Code   RO          796    i.ParsingTailLenMdy  dataparse.o
    0x08002070   0x00000002   Code   RO          228    i.PendSV_Handler    gd32f1x0_it.o
    0x08002072   0x00000002   PAD
    0x08002074   0x0000001c   Code   RO         5814    i.PidIncrease       lt8920.o
    0x08002090   0x00000018   Code   RO         5621    i.PlayListInit      bspplay.o
    0x080020a8   0x00000030   Code   RO          459    i.PrefixAssignment  config.o
    0x080020d8   0x00000028   Code   RO          460    i.PrefixInit        config.o
    0x08002100   0x000000b0   Code   RO          461    i.PrefixSave        config.o
    0x080021b0   0x00000098   Code   RO         5349    i.QR_flash_save     bspscan.o
    0x08002248   0x00000050   Code   RO         5350    i.QR_moduler_set    bspscan.o
    0x08002298   0x00000028   Code   RO         5351    i.QR_moduler_val_assignment  bspscan.o
    0x080022c0   0x00000050   Code   RO         5710    i.ReadBattery       bspbat.o
    0x08002310   0x00000014   Code   RO          462    i.ReadBaudRate      config.o
    0x08002324   0x00000018   Code   RO          463    i.ReadBeepOption    config.o
    0x0800233c   0x00000018   Code   RO          464    i.ReadCodeID        config.o
    0x08002354   0x00000018   Code   RO          465    i.ReadCodeIDCharacter  config.o
    0x0800236c   0x00000018   Code   RO          466    i.ReadCodeNameDisp  config.o
    0x08002384   0x000000b0   Code   RO          467    i.ReadConfig        config.o
    0x08002434   0x00000018   Code   RO          468    i.ReadConversion    config.o
    0x0800244c   0x00000018   Code   RO          469    i.ReadCountryKeyboard  config.o
    0x08002464   0x00000018   Code   RO          470    i.ReadEndMark       config.o
    0x0800247c   0x0000004c   Code   RO          471    i.ReadHide          config.o
    0x080024c8   0x0000001c   Code   RO         5815    i.ReadPidSPid       lt8920.o
    0x080024e4   0x0000005c   Code   RO         5816    i.ReadPkt           lt8920.o
    0x08002540   0x0000004c   Code   RO          472    i.ReadPrefix        config.o
    0x0800258c   0x00000028   Code   RO          473    i.ReadPrefixToTx    config.o
    0x080025b4   0x00000018   Code   RO          474    i.ReadSTXETX        config.o
    0x080025cc   0x00000018   Code   RO          475    i.ReadSingleContinual  config.o
    0x080025e4   0x00000014   Code   RO          476    i.ReadSleepTime     config.o
    0x080025f8   0x0000002c   Code   RO         5817    i.ReadSrcDest       lt8920.o
    0x08002624   0x0000004c   Code   RO          477    i.ReadSuffix        config.o
    0x08002670   0x00000018   Code   RO          478    i.ReadWireWirelessMode  config.o
    0x08002688   0x00000028   Code   RO         5818    i.ReceivedData      lt8920.o
    0x080026b0   0x00000044   Code   RO         5819    i.RequestConnectInit  lt8920.o
    0x080026f4   0x0000003c   Code   RO         5820    i.SPI_LT8920_Read   lt8920.o
    0x08002730   0x00000002   Code   RO          229    i.SVC_Handler       gd32f1x0_it.o
    0x08002732   0x00000002   PAD
    0x08002734   0x00000018   Code   RO          479    i.SaveBeepOption    config.o
    0x0800274c   0x00000018   Code   RO          480    i.SaveCodeID        config.o
    0x08002764   0x00000018   Code   RO          481    i.SaveCodeIDCharacter  config.o
    0x0800277c   0x00000018   Code   RO          482    i.SaveCodeNameDisp  config.o
    0x08002794   0x00000020   Code   RO          483    i.SaveConversion    config.o
    0x080027b4   0x00000018   Code   RO          484    i.SaveCountryKeyboard  config.o
    0x080027cc   0x00000018   Code   RO          485    i.SaveEndMark       config.o
    0x080027e4   0x00000014   Code   RO          486    i.SaveErr           config.o
    0x080027f8   0x000000b8   Code   RO          487    i.SaveHideSet       config.o
    0x080028b0   0x00000014   Code   RO         5821    i.SavePid           lt8920.o
    0x080028c4   0x00000014   Code   RO         5822    i.SaveSPid          lt8920.o
    0x080028d8   0x00000018   Code   RO          488    i.SaveSTXETX        config.o
    0x080028f0   0x00000018   Code   RO          489    i.SaveSingleContinual  config.o
    0x08002908   0x00000018   Code   RO          490    i.SaveSleepTime     config.o
    0x08002920   0x00000014   Code   RO          491    i.SaveSuccess       config.o
    0x08002934   0x00000018   Code   RO          492    i.SaveWireWireless  config.o
    0x0800294c   0x00000068   Code   RO         5823    i.SearchChannel     lt8920.o
    0x080029b4   0x00000040   Code   RO         5824    i.Send              lt8920.o
    0x080029f4   0x0000001c   Code   RO          493    i.SendData          config.o
    0x08002a10   0x0000009c   Code   RO         5825    i.SendPkt           lt8920.o
    0x08002aac   0x00000060   Code   RO         5827    i.SendWaitingDividedDataNew  lt8920.o
    0x08002b0c   0x00000040   Code   RO          494    i.SendWireless      config.o
    0x08002b4c   0x00000036   Code   RO         5828    i.SpiLt8920Write    lt8920.o
    0x08002b82   0x00000002   PAD
    0x08002b84   0x00000070   Code   RO         5829    i.SpiWrite          lt8920.o
    0x08002bf4   0x00000030   Code   RO          495    i.StringAssignment  config.o
    0x08002c24   0x00000030   Code   RO          496    i.SuffixAssignment  config.o
    0x08002c54   0x00000018   Code   RO          497    i.SuffixInit        config.o
    0x08002c6c   0x000000b0   Code   RO          498    i.SuffixSave        config.o
    0x08002d1c   0x00000018   Code   RO          230    i.SysTick_Handler   gd32f1x0_it.o
    0x08002d34   0x00000088   Code   RO          867    i.SystemInit        system_gd32f1x0.o
    0x08002dbc   0x00000040   Code   RO          231    i.TIMER0_BRK_UP_TRG_COM_IRQHandler  gd32f1x0_it.o
    0x08002dfc   0x00000024   Code   RO         5352    i.USART0_IRQHandler  bspscan.o
    0x08002e20   0x0000000c   Code   RO          232    i.USBDWakeUp_IRQHandler  gd32f1x0_it.o
    0x08002e2c   0x00000008   Code   RO          233    i.USBD_LP_IRQHandler  gd32f1x0_it.o
    0x08002e34   0x00000004   Code   RO          234    i.UsageFault_Handler  gd32f1x0_it.o
    0x08002e38   0x00000088   Code   RO         5830    i.WaitBroadcastAck  lt8920.o
    0x08002ec0   0x00000090   Code   RO         5831    i.WaitConnectAck    lt8920.o
    0x08002f50   0x00000038   Code   RO         5832    i.WaitingCal        lt8920.o
    0x08002f88   0x000000bc   Code   RO         5833    i.WaitingSuccess    lt8920.o
    0x08003044   0x0000004c   Code   RO          500    i.WritePrefix       config.o
    0x08003090   0x00000024   Code   RO          501    i.WriteStx          config.o
    0x080030b4   0x00000034   Code   RO         5353    i._assignment       bspscan.o
    0x080030e8   0x0000001a   Code   RO         5711    i.ad0_rcc_config    bspbat.o
    0x08003102   0x00000002   PAD
    0x08003104   0x0000003c   Code   RO          919    i.adc_calibration_enable  gd32f1x0_adc.o
    0x08003140   0x00000058   Code   RO          920    i.adc_channel_length_config  gd32f1x0_adc.o
    0x08003198   0x00000024   Code   RO          921    i.adc_data_alignment_config  gd32f1x0_adc.o
    0x080031bc   0x0000001c   Code   RO          927    i.adc_enable        gd32f1x0_adc.o
    0x080031d8   0x00000054   Code   RO          928    i.adc_external_trigger_config  gd32f1x0_adc.o
    0x0800322c   0x00000040   Code   RO          929    i.adc_external_trigger_source_config  gd32f1x0_adc.o
    0x0800326c   0x00000014   Code   RO          931    i.adc_flag_get      gd32f1x0_adc.o
    0x08003280   0x000000dc   Code   RO          939    i.adc_regular_channel_config  gd32f1x0_adc.o
    0x0800335c   0x0000000c   Code   RO          940    i.adc_regular_data_read  gd32f1x0_adc.o
    0x08003368   0x0000002c   Code   RO          941    i.adc_software_trigger_enable  gd32f1x0_adc.o
    0x08003394   0x00000080   Code   RO          942    i.adc_special_function_config  gd32f1x0_adc.o
    0x08003414   0x00000040   Code   RO          406    i.cal_next          data_format.o
    0x08003454   0x00000104   Code   RO          407    i.character_conversion  data_format.o
    0x08003558   0x00000048   Code   RO         5354    i.crc_cal_by_bit    bspscan.o
    0x080035a0   0x000000f0   Code   RO          408    i.data_hide         data_format.o
    0x08003690   0x0000001c   Code   RO          354    i.delay_1ms         systick.o
    0x080036ac   0x00000014   Code   RO          355    i.delay_1us         systick.o
    0x080036c0   0x00000018   Code   RO          356    i.delay_decrement   systick.o
    0x080036d8   0x000000b8   Code   RO         1908    i.exti_init         gd32f1x0_exti.o
    0x08003790   0x0000000c   Code   RO         1911    i.exti_interrupt_flag_clear  gd32f1x0_exti.o
    0x0800379c   0x00000024   Code   RO         1912    i.exti_interrupt_flag_get  gd32f1x0_exti.o
    0x080037c0   0x00000014   Code   RO         2001    i.fmc_lock          gd32f1x0_fmc.o
    0x080037d4   0x00000048   Code   RO         2003    i.fmc_page_erase    gd32f1x0_fmc.o
    0x0800381c   0x00000022   Code   RO         2004    i.fmc_ready_wait    gd32f1x0_fmc.o
    0x0800383e   0x00000002   PAD
    0x08003840   0x00000030   Code   RO         2005    i.fmc_state_get     gd32f1x0_fmc.o
    0x08003870   0x00000024   Code   RO         2006    i.fmc_unlock        gd32f1x0_fmc.o
    0x08003894   0x00000040   Code   RO         2009    i.fmc_word_program  gd32f1x0_fmc.o
    0x080038d4   0x000001a8   Code   RO         5355    i.get_QR_module_data  bspscan.o
    0x08003a7c   0x0000005e   Code   RO         2233    i.gpio_af_set       gd32f1x0_gpio.o
    0x08003ada   0x00000004   Code   RO         2234    i.gpio_bit_reset    gd32f1x0_gpio.o
    0x08003ade   0x00000004   Code   RO         2235    i.gpio_bit_set      gd32f1x0_gpio.o
    0x08003ae2   0x00000010   Code   RO         2238    i.gpio_input_bit_get  gd32f1x0_gpio.o
    0x08003af2   0x0000004e   Code   RO         2240    i.gpio_mode_set     gd32f1x0_gpio.o
    0x08003b40   0x00000042   Code   RO         2242    i.gpio_output_options_set  gd32f1x0_gpio.o
    0x08003b82   0x00000002   PAD
    0x08003b84   0x00001048   Code   RO            4    i.main              main.o
    0x08004bcc   0x000000a4   Code   RO         2534    i.nvic_irq_enable   gd32f1x0_misc.o
    0x08004c70   0x00000014   Code   RO         2535    i.nvic_priority_group_set  gd32f1x0_misc.o
    0x08004c84   0x00000058   Code   RO          799    i.parsing_string_MDYCHAR  dataparse.o
    0x08004cdc   0x00000040   Code   RO         5622    i.play_list_write   bspplay.o
    0x08004d1c   0x000000c4   Code   RO         2603    i.pmu_to_deepsleepmode  gd32f1x0_pmu.o
    0x08004de0   0x00000098   Code   RO         2687    i.rcu_adc_clock_config  gd32f1x0_rcu.o
    0x08004e78   0x000002a8   Code   RO         2696    i.rcu_clock_freq_get  gd32f1x0_rcu.o
    0x08005120   0x00000024   Code   RO         2699    i.rcu_flag_get      gd32f1x0_rcu.o
    0x08005144   0x00000020   Code   RO         2713    i.rcu_osci_on       gd32f1x0_rcu.o
    0x08005164   0x00000020   Code   RO         2716    i.rcu_periph_clock_enable  gd32f1x0_rcu.o
    0x08005184   0x00000020   Code   RO         2719    i.rcu_periph_reset_disable  gd32f1x0_rcu.o
    0x080051a4   0x00000020   Code   RO         2720    i.rcu_periph_reset_enable  gd32f1x0_rcu.o
    0x080051c4   0x0000001c   Code   RO         2724    i.rcu_system_clock_source_config  gd32f1x0_rcu.o
    0x080051e0   0x00000010   Code   RO         2725    i.rcu_system_clock_source_get  gd32f1x0_rcu.o
    0x080051f0   0x0000001c   Code   RO         2727    i.rcu_usbd_clock_config  gd32f1x0_rcu.o
    0x0800520c   0x00000050   Code   RO         5623    i.read_play_list    bspplay.o
    0x0800525c   0x000000a8   Code   RO         5358    i.read_serial_command  bspscan.o
    0x08005304   0x00000038   Code   RO         5359    i.read_suffix_to_tx  bspscan.o
    0x0800533c   0x00000010   Code   RO         5360    i.scan_start        bspscan.o
    0x0800534c   0x000000ec   Code   RO         5361    i.sending_in_scanning  bspscan.o
    0x08005438   0x0000005c   Code   RO         5362    i.serial_check      bspscan.o
    0x08005494   0x00000048   Code   RO         5363    i.serial_check2     bspscan.o
    0x080054dc   0x0000000a   Code   RO         3182    i.spi_disable       gd32f1x0_spi.o
    0x080054e6   0x0000000a   Code   RO         3185    i.spi_enable        gd32f1x0_spi.o
    0x080054f0   0x00000008   Code   RO         3187    i.spi_i2s_data_receive  gd32f1x0_spi.o
    0x080054f8   0x00000004   Code   RO         3188    i.spi_i2s_data_transmit  gd32f1x0_spi.o
    0x080054fc   0x00000010   Code   RO         3190    i.spi_i2s_flag_get  gd32f1x0_spi.o
    0x0800550c   0x00000032   Code   RO         3194    i.spi_init          gd32f1x0_spi.o
    0x0800553e   0x00000002   PAD
    0x08005540   0x000000a4   Code   RO          868    i.system_clock_72m_hxtal  system_gd32f1x0.o
    0x080055e4   0x00000008   Code   RO          869    i.system_clock_config  system_gd32f1x0.o
    0x080055ec   0x00000010   Code   RO         2537    i.system_lowpower_reset  gd32f1x0_misc.o
    0x080055fc   0x0000000a   Code   RO         3438    i.timer_auto_reload_shadow_enable  gd32f1x0_timer.o
    0x08005606   0x00000002   PAD
    0x08005608   0x000001cc   Code   RO         3453    i.timer_channel_output_config  gd32f1x0_timer.o
    0x080057d4   0x0000005a   Code   RO         3455    i.timer_channel_output_mode_config  gd32f1x0_timer.o
    0x0800582e   0x0000005a   Code   RO         3458    i.timer_channel_output_shadow_config  gd32f1x0_timer.o
    0x08005888   0x000000dc   Code   RO         3466    i.timer_deinit      gd32f1x0_timer.o
    0x08005964   0x0000000a   Code   RO         3471    i.timer_enable      gd32f1x0_timer.o
    0x0800596e   0x00000002   PAD
    0x08005970   0x00000094   Code   RO         3481    i.timer_init        gd32f1x0_timer.o
    0x08005a04   0x00000008   Code   RO         3488    i.timer_interrupt_enable  gd32f1x0_timer.o
    0x08005a0c   0x00000008   Code   RO         3489    i.timer_interrupt_flag_clear  gd32f1x0_timer.o
    0x08005a14   0x00000020   Code   RO         3490    i.timer_interrupt_flag_get  gd32f1x0_timer.o
    0x08005a34   0x00000070   Code   RO         5364    i.usart_03_resend   bspscan.o
    0x08005aa4   0x0000007c   Code   RO         4081    i.usart_baudrate_set  gd32f1x0_usart.o
    0x08005b20   0x0000000a   Code   RO         4087    i.usart_data_receive  gd32f1x0_usart.o
    0x08005b2a   0x00000008   Code   RO         4088    i.usart_data_transmit  gd32f1x0_usart.o
    0x08005b32   0x00000002   PAD
    0x08005b34   0x00000040   Code   RO         4089    i.usart_deinit      gd32f1x0_usart.o
    0x08005b74   0x0000000a   Code   RO         4096    i.usart_enable      gd32f1x0_usart.o
    0x08005b7e   0x0000001e   Code   RO         4098    i.usart_flag_get    gd32f1x0_usart.o
    0x08005b9c   0x00000018   Code   RO         4102    i.usart_hardware_flow_cts_config  gd32f1x0_usart.o
    0x08005bb4   0x00000018   Code   RO         4103    i.usart_hardware_flow_rts_config  gd32f1x0_usart.o
    0x08005bcc   0x0000001a   Code   RO         4105    i.usart_interrupt_enable  gd32f1x0_usart.o
    0x08005be6   0x00000012   Code   RO         4118    i.usart_overrun_disable  gd32f1x0_usart.o
    0x08005bf8   0x00000018   Code   RO         4121    i.usart_parity_config  gd32f1x0_usart.o
    0x08005c10   0x00000010   Code   RO         4123    i.usart_receive_config  gd32f1x0_usart.o
    0x08005c20   0x00000018   Code   RO         4137    i.usart_stop_bit_set  gd32f1x0_usart.o
    0x08005c38   0x00000010   Code   RO         4139    i.usart_transmit_config  gd32f1x0_usart.o
    0x08005c48   0x00000018   Code   RO         4143    i.usart_word_length_set  gd32f1x0_usart.o
    0x08005c60   0x000000a8   Code   RO         5365    i.usart_write_baud  bspscan.o
    0x08005d08   0x00000188   Code   RO         5366    i.write_CODE_TYPE_ID  bspscan.o
    0x08005e90   0x000000b0   Code   RO         5367    i.write_end_mark    bspscan.o
    0x08005f40   0x000000d0   Code   RO         5368    i.write_serial_command  bspscan.o
    0x08006010   0x00000018   Code   RO         5369    i.zero_assignment   bspscan.o
    0x08006028   0x0000004c   Code   RO         5370    noID_noSuffix_uartProtocal  bspscan.o
    0x08006074   0x00000054   Code   RO         5624    time0_init          bspplay.o
    0x080060c8   0x00000078   Code   RO         5625    time1_init_pwm      bspplay.o
    0x08006140   0x000000d8   Code   RO         5377    uart_init           bspscan.o
    0x08006218   0x0000004c   Code   RO         5378    utf8_input_output   bspscan.o
    0x08006264   0x00000040   Code   RO         5379    write_etx           bspscan.o
    0x080062a4   0x00000423   Data   RO          800    .constdata          dataparse.o
    0x080066c7   0x00000001   PAD
    0x080066c8   0x00000020   Data   RO         6226    Region$$Table       anon$$obj.o


    Execution Region RW_IRAM1 (Base: 0x20000000, Size: 0x000017a8, Max: 0x00002000, ABSOLUTE, COMPRESSED[0x00000090])

    Base Addr    Size         Type   Attr      Idx    E Section Name        Object

    0x20000000   0x0000001f   Data   RW            5    .data               main.o
    0x2000001f   0x00000001   PAD
    0x20000020   0x0000000c   Data   RW          235    .data               gd32f1x0_it.o
    0x2000002c   0x00000004   Data   RW          357    .data               systick.o
    0x20000030   0x00000014   Data   RW          503    .data               config.o
    0x20000044   0x00000004   Data   RW          870    .data               system_gd32f1x0.o
    0x20000048   0x00000010   Data   RW         4571    .data               hid_core.o
    0x20000058   0x0000000c   Data   RW         4651    .data               usbd_core.o
    0x20000064   0x00000003   Data   RW         4812    .data               usbd_pwr.o
    0x20000067   0x00000001   PAD
    0x20000068   0x00000045   Data   RW         4875    .data               usbd_std.o
    0x200000ad   0x00000003   PAD
    0x200000b0   0x00000089   Data   RW         5232    .data               bspusb.o
    0x20000139   0x00000001   PAD
    0x2000013a   0x0000000f   Data   RW         5384    .data               bspscan.o
    0x20000149   0x00000003   PAD
    0x2000014c   0x00000006   Data   RW         5627    .data               bspplay.o
    0x20000152   0x00000002   Data   RW         5712    .data               bspbat.o
    0x20000154   0x00000038   Data   RW         5835    .data               lt8920.o
    0x2000018c   0x000000bc   Zero   RW          409    .bss                data_format.o
    0x20000248   0x00000085   Zero   RW          502    .bss                config.o
    0x200002cd   0x00000003   PAD
    0x200002d0   0x00000010   Zero   RW         2608    .bss                gd32f1x0_pmu.o
    0x200002e0   0x00000400   Zero   RW         5134    .bss                bspeeprom.o
    0x200006e0   0x00000363   Zero   RW         5382    .bss                bspscan.o
    0x20000a43   0x00000001   PAD
    0x20000a44   0x00000024   Zero   RW         5626    .bss                bspplay.o
    0x20000a68   0x000003f6   Zero   RW         5834    .bss                lt8920.o
    0x20000e5e   0x00000002   PAD
    0x20000e60   0x000000e4   Zero   RW         6058    .bss                c_w.l(rand.o)
    0x20000f44   0x00000060   Zero   RW         6155    .bss                c_w.l(libspace.o)
    0x20000fa4   0x00000004   PAD
    0x20000fa8   0x00000400   Zero   RW          910    HEAP                startup_gd32f1x0.o
    0x200013a8   0x00000400   Zero   RW          909    STACK               startup_gd32f1x0.o



  Load Region LR_IROM2 (Base: 0x08008000, Size: 0x00003630, Max: 0x00008000, ABSOLUTE)

    Execution Region ER_IROM2 (Base: 0x08008000, Size: 0x00003630, Max: 0x00008000, ABSOLUTE)

    Base Addr    Size         Type   Attr      Idx    E Section Name        Object

    0x08008000   0x000000c8   Code   RO         5223    i.BSPPutArray       bspusb.o
    0x080080c8   0x00000020   Code   RO         5224    i.BSPUsbInit        bspusb.o
    0x080080e8   0x0000003c   Code   RO         5225    i.SendWire          bspusb.o
    0x08008124   0x0000001c   Code   RO         5226    i.USB_connect       bspusb.o
    0x08008140   0x00000038   Code   RO         5227    i.USB_gpio_config   bspusb.o
    0x08008178   0x00000018   Code   RO         5228    i.USB_int_config    bspusb.o
    0x08008190   0x0000001a   Code   RO         5229    i.USB_rcu_config    bspusb.o
    0x080081aa   0x00000002   PAD
    0x080081ac   0x00000034   Code   RO         5230    i.Usbd_core_init    bspusb.o
    0x080081e0   0x00000040   Code   RO         4565    i.hid_data_handler  hid_core.o
    0x08008220   0x00000012   Code   RO         4566    i.hid_deinit        hid_core.o
    0x08008232   0x00000002   PAD
    0x08008234   0x00000018   Code   RO         4567    i.hid_init          hid_core.o
    0x0800824c   0x00000024   Code   RO         4568    i.hid_report_send   hid_core.o
    0x08008270   0x000000fc   Code   RO         4569    i.hid_req_handler   hid_core.o
    0x0800836c   0x00001da8   Code   RO         5231    i.keybroad_value    bspusb.o
    0x0800a114   0x0000003e   Code   RO         4808    i.lowpower_mode_exit  usbd_pwr.o
    0x0800a152   0x00000002   PAD
    0x0800a154   0x00000028   Code   RO         4809    i.resume_mcu        usbd_pwr.o
    0x0800a17c   0x0000011c   Code   RO         4852    i.usbd_clearfeature  usbd_std.o
    0x0800a298   0x0000000c   Code   RO         4853    i.usbd_configuration_descriptor_get  usbd_std.o
    0x0800a2a4   0x00000068   Code   RO         4854    i.usbd_device_class_request  usbd_std.o
    0x0800a30c   0x0000000c   Code   RO         4855    i.usbd_device_descriptor_get  usbd_std.o
    0x0800a318   0x00000010   Code   RO         4856    i.usbd_enum_error   usbd_std.o
    0x0800a328   0x000000d8   Code   RO         4640    i.usbd_ep_clear_stall  usbd_core.o
    0x0800a400   0x00000024   Code   RO         4641    i.usbd_ep_data_read  usbd_core.o
    0x0800a424   0x00000024   Code   RO         4642    i.usbd_ep_data_write  usbd_core.o
    0x0800a448   0x000000b4   Code   RO         4643    i.usbd_ep_deinit    usbd_core.o
    0x0800a4fc   0x000002f4   Code   RO         4644    i.usbd_ep_init      usbd_core.o
    0x0800a7f0   0x0000004c   Code   RO         4645    i.usbd_ep_rx        usbd_core.o
    0x0800a83c   0x000000a0   Code   RO         4646    i.usbd_ep_stall     usbd_core.o
    0x0800a8dc   0x00000090   Code   RO         4648    i.usbd_ep_tx        usbd_core.o
    0x0800a96c   0x00000050   Code   RO         4857    i.usbd_getconfiguration  usbd_std.o
    0x0800a9bc   0x00000090   Code   RO         4858    i.usbd_getdescriptor  usbd_std.o
    0x0800aa4c   0x00000040   Code   RO         4859    i.usbd_getinterface  usbd_std.o
    0x0800aa8c   0x000000fa   Code   RO         4860    i.usbd_getstatus    usbd_std.o
    0x0800ab86   0x00000002   PAD
    0x0800ab88   0x00000118   Code   RO         4861    i.usbd_in_transaction  usbd_std.o
    0x0800aca0   0x00000060   Code   RO         4743    i.usbd_intf_esof    usbd_int.o
    0x0800ad00   0x00000160   Code   RO         4745    i.usbd_intf_lpst    usbd_int.o
    0x0800ae60   0x00000094   Code   RO         4746    i.usbd_intf_reset   usbd_int.o
    0x0800aef4   0x0000001c   Code   RO         4747    i.usbd_intf_sof     usbd_int.o
    0x0800af10   0x0000002c   Code   RO         4748    i.usbd_intf_suspend  usbd_int.o
    0x0800af3c   0x0000001c   Code   RO         4749    i.usbd_intf_wakeup  usbd_int.o
    0x0800af58   0x000000d8   Code   RO         4750    i.usbd_isr          usbd_int.o
    0x0800b030   0x000000a4   Code   RO         4862    i.usbd_out_transaction  usbd_std.o
    0x0800b0d4   0x00000030   Code   RO         4810    i.usbd_remote_wakeup_active  usbd_pwr.o
    0x0800b104   0x00000002   Code   RO         4863    i.usbd_reserved     usbd_std.o
    0x0800b106   0x00000002   PAD
    0x0800b108   0x00000074   Code   RO         4864    i.usbd_setaddress   usbd_std.o
    0x0800b17c   0x0000014c   Code   RO         4865    i.usbd_setconfiguration  usbd_std.o
    0x0800b2c8   0x00000002   Code   RO         4866    i.usbd_setdescriptor  usbd_std.o
    0x0800b2ca   0x00000002   PAD
    0x0800b2cc   0x000000fc   Code   RO         4867    i.usbd_setfeature   usbd_std.o
    0x0800b3c8   0x0000006c   Code   RO         4868    i.usbd_setinterface  usbd_std.o
    0x0800b434   0x00000032   Code   RO         4869    i.usbd_setup_request_parse  usbd_std.o
    0x0800b466   0x0000004e   Code   RO         4870    i.usbd_setup_transaction  usbd_std.o
    0x0800b4b4   0x0000001c   Code   RO         4871    i.usbd_standard_request  usbd_std.o
    0x0800b4d0   0x00000010   Code   RO         4872    i.usbd_string_descriptor_get  usbd_std.o
    0x0800b4e0   0x00000044   Code   RO         4811    i.usbd_suspend      usbd_pwr.o
    0x0800b524   0x00000002   Code   RO         4873    i.usbd_synchframe   usbd_std.o
    0x0800b526   0x00000006   Code   RO         4874    i.usbd_vendor_request  usbd_std.o
    0x0800b52c   0x00000101   Data   RO         4570    .constdata          hid_core.o


==============================================================================

Image component sizes


      Code (inc. data)   RO Data    RW Data    ZI Data      Debug   Object Name

       254         12          0          2          0       2824   bspbat.o
       312         10          0          0       1024       2953   bspeeprom.o
       176         26          0          0          0       2018   bspkey.o
       616         48          0          6         36       6849   bspplay.o
      3292        578          0         15        867      29497   bspscan.o
        56         12          0          0          0        975   bspsystem.o
      8070       1098          0        137          0      11382   bspusb.o
         4          0          0          0          0        893   bspwatchdog.o
        76          0          0          0          0       4579   bspwireless.o
      2286        328          0         20        133      28428   config.o
       664         32          0          0        188       3512   data_format.o
      3268        676       1059          0          0      15813   dataparse.o
       784         58          0          0          0       7417   gd32f1x0_adc.o
       232         16          0          0          0       7202   gd32f1x0_exti.o
       274         36          0          0          0       7301   gd32f1x0_fmc.o
       262          0          0          0          0       4505   gd32f1x0_gpio.o
       180         24          0         12          0       6844   gd32f1x0_it.o
       200         22          0          0          0       2112   gd32f1x0_misc.o
       196         26          0          0         16        751   gd32f1x0_pmu.o
      1068         92          0          0          0      21515   gd32f1x0_rcu.o
        98          0          0          0          0       9976   gd32f1x0_spi.o
      1076         50          0          0          0      23156   gd32f1x0_timer.o
       442         10          0          0          0      18724   gd32f1x0_usart.o
       394         50        257         16          0      12057   hid_core.o
      3470        388          0         56       1014      27141   lt8920.o
      4168        844          0         31          0      37028   main.o
        64         26        360          0       2048        968   startup_gd32f1x0.o
       308         28          0          4          0       2163   system_gd32f1x0.o
       192         32          0          4          0      26561   systick.o
      1604         54          0         12          0      13649   usbd_core.o
       912         76          0          0          0       5372   usbd_int.o
       218         24          0          3          0       3092   usbd_pwr.o
      2402         88          0         69          0      17728   usbd_std.o

    ----------------------------------------------------------------------
     37668       4764       1712        396       5332     364985   Object Totals
         0          0         32          0          0          0   (incl. Generated)
        50          0          4          9          6          0   (incl. Padding)

    ----------------------------------------------------------------------

      Code (inc. data)   RO Data    RW Data    ZI Data      Debug   Library Member Name

        90          0          0          0          0          0   __dczerorl2.o
         8          0          0          0          0         68   __main.o
         0          0          0          0          0          0   __rtentry.o
        12          0          0          0          0          0   __rtentry2.o
         6          0          0          0          0          0   __rtentry4.o
        52          8          0          0          0          0   __scatter.o
        28          0          0          0          0          0   __scatter_zi.o
        18          0          0          0          0         80   exit.o
         6          0          0          0          0        152   heapauxi.o
         0          0          0          0          0          0   indicate_semi.o
         2          0          0          0          0          0   libinit.o
         6          0          0          0          0          0   libinit2.o
         2          0          0          0          0          0   libshutdown.o
         2          0          0          0          0          0   libshutdown2.o
         8          4          0          0         96         68   libspace.o
       112         18          0          0        228        160   rand.o
        78          0          0          0          0         80   rt_memclr_w.o
       138          0          0          0          0         68   rt_memcpy_v6.o
       100          0          0          0          0         80   rt_memcpy_w.o
         2          0          0          0          0          0   rtexit.o
        10          0          0          0          0          0   rtexit2.o
        62          0          0          0          0         76   strlen.o
        12          4          0          0          0         68   sys_exit.o
        74          0          0          0          0         80   sys_stackheap_outer.o
         2          0          0          0          0         68   use_no_semi.o

    ----------------------------------------------------------------------
       836         34          0          0        328       1048   Library Totals
         6          0          0          0          4          0   (incl. Padding)

    ----------------------------------------------------------------------

      Code (inc. data)   RO Data    RW Data    ZI Data      Debug   Library Name

       830         34          0          0        324       1048   c_w.l

    ----------------------------------------------------------------------
       836         34          0          0        328       1048   Library Totals

    ----------------------------------------------------------------------

==============================================================================


      Code (inc. data)   RO Data    RW Data    ZI Data      Debug   

     38504       4798       1712        396       5660     349285   Grand Totals
     38504       4798       1712        144       5660     349285   ELF Image Totals (compressed)
     38504       4798       1712        144          0          0   ROM Totals

==============================================================================

    Total RO  Size (Code + RO Data)                40216 (  39.27kB)
    Total RW  Size (RW Data + ZI Data)              6056 (   5.91kB)
    Total ROM Size (Code + RO Data + RW Data)      40360 (  39.41kB)

==============================================================================

