<html>
<body>
<pre>
<h1>µVision Build Log</h1>
<h2>Tool Versions:</h2>
IDE-Version: ¦ÌVision V5.22.0.0
Copyright (C) 2016 ARM Ltd and ARM Germany GmbH. All rights reserved.
License Information: 0 Microsoft, Microsoft, LIC=VGXHL-06RWQ-RAXDM-X23RQ-FI8FJ-L856Z
 
Tool Versions:
Toolchain:       MDK-ARM Plus  Version: 5.22
Toolchain Path:  C:\Keil_v5\ARM\ARMCC\Bin
C Compiler:      Armcc.exe V5.06 update 4 (build 422)
Assembler:       Armasm.exe V5.06 update 4 (build 422)
Linker/Locator:  ArmLink.exe V5.06 update 4 (build 422)
Library Manager: ArmAr.exe V5.06 update 4 (build 422)
Hex Converter:   FromElf.exe V5.06 update 4 (build 422)
CPU DLL:         SARMCM3.DLL V5.22
Dialog DLL:      DCM.DLL V1.13.9.0
Target DLL:      STLink\ST-LINKIII-KEIL_SWO.dll V2.0.18.0
Dialog DLL:      TCM.DLL V1.21.0.0
 
<h2>Project:</h2>
E:\file\ckc\GD project\project_svn\project\SW\Project\2.4GGunBSP\Template\MDK-ARM\Project.uvproj
Project File Date:  07/30/2018

<h2>Output:</h2>
*** Using Compiler 'V5.06 update 4 (build 422)', folder: 'C:\Keil_v5\ARM\ARMCC\Bin'
Rebuild target 'GD32F130_150'
compiling gd32f1x0_it.c...
compiling systick.c...
compiling main.c...
..\main.c(270): warning:  #111-D: statement is unreachable
  						break;	
..\main.c: 1 warning, 0 errors
compiling data_format.c...
assembling startup_gd32f1x0.s...
compiling dataParse.c...
..\..\Application\dataParse.c(392): warning:  #177-D: function "parsing_insert_string_MDYCHAR"  was declared but never referenced
  static uint8_t parsing_insert_string_MDYCHAR()
..\..\Application\dataParse.c(412): warning:  #177-D: function "parsing_insert_pos_MDY"  was declared but never referenced
  static uint8_t parsing_insert_pos_MDY()
..\..\Application\dataParse.c: 2 warnings, 0 errors
compiling config.c...
..\..\Application\config.c(19): warning:  #177-D: variable "HideShadow"  was declared but never referenced
  static Hide   HideShadow;
..\..\Application\config.c: 1 warning, 0 errors
compiling system_gd32f1x0.c...
compiling gd32f1x0_can.c...
compiling gd32f1x0_adc.c...
compiling gd32f1x0_cmp.c...
compiling gd32f1x0_cec.c...
compiling gd32f1x0_crc.c...
compiling gd32f1x0_dac.c...
compiling gd32f1x0_dma.c...
compiling gd32f1x0_dbg.c...
compiling gd32f1x0_exti.c...
compiling gd32f1x0_fwdgt.c...
compiling gd32f1x0_fmc.c...
compiling gd32f1x0_gpio.c...
compiling gd32f1x0_i2c.c...
compiling gd32f1x0_ivref.c...
compiling gd32f1x0_opa.c...
compiling gd32f1x0_misc.c...
compiling gd32f1x0_pmu.c...
compiling gd32f1x0_slcd.c...
compiling gd32f1x0_rcu.c...
compiling gd32f1x0_rtc.c...
compiling gd32f1x0_syscfg.c...
compiling gd32f1x0_spi.c...
compiling gd32f1x0_tsi.c...
compiling gd32f1x0_timer.c...
compiling gd32f1x0_wwdgt.c...
compiling hid_core.c...
compiling gd32f1x0_usart.c...
compiling usbd_core.c...
compiling usbd_int.c...
compiling BSPWireless.c...
compiling usbd_std.c...
compiling usbd_pwr.c...
compiling BSPSystem.c...
compiling BSPEeprom.c...
compiling BSPKey.c...
compiling BSPUsb.c...
compiling BSPBat.c...
compiling BSPPlay.c...
compiling BSPScan.c...
..\..\BSP\BSPScan.c(1517): warning:  #177-D: function "parsing_prefix_MDYCHAR"  was declared but never referenced
  static uint8_t parsing_prefix_MDYCHAR()
..\..\BSP\BSPScan.c(1541): warning:  #177-D: function "parsing_suffix_MDYCHAR"  was declared but never referenced
  static uint8_t parsing_suffix_MDYCHAR()
..\..\BSP\BSPScan.c(1562): warning:  #177-D: function "parsing_head_len_MDYCHAR"  was declared but never referenced
  static uint8_t parsing_head_len_MDYCHAR()
..\..\BSP\BSPScan.c(1586): warning:  #177-D: function "parsing_tail_len_MDYCHAR"  was declared but never referenced
  static uint8_t parsing_tail_len_MDYCHAR()
..\..\BSP\BSPScan.c(1610): warning:  #177-D: function "parsing_string_MDYCHAR"  was declared but never referenced
  static uint8_t parsing_string_MDYCHAR()
..\..\BSP\BSPScan.c(1631): warning:  #177-D: function "parsing_insert_string_MDYCHAR"  was declared but never referenced
  static uint8_t parsing_insert_string_MDYCHAR()
..\..\BSP\BSPScan.c(1651): warning:  #177-D: function "parsing_insert_pos_MDY"  was declared but never referenced
  static uint8_t parsing_insert_pos_MDY()
..\..\BSP\BSPScan.c: 7 warnings, 0 errors
compiling BSPWatchDog.c...
compiling lt8920.c...
..\..\BSP\lt8920\lt8920.c(615): warning:  #177-D: function "SendWaitingDividedData"  was declared but never referenced
  static void SendWaitingDividedData(void)	
..\..\BSP\lt8920\lt8920.c: 1 warning, 0 errors
linking...
Program Size: Code=38504 RO-data=1712 RW-data=396 ZI-data=5660  
FromELF: creating hex file...
".\output\Project.axf" - 0 Error(s), 12 Warning(s).
Build Time Elapsed:  00:00:11
</pre>
</body>
</html>
